2026-09-02 14:02:34,547 INFO o.a.j.u.JMeterUtils: Setting Locale to en_EN
2026-09-02 14:02:34,585 INFO o.a.j.JMeter: Loading user properties from: /opt/apache-jmeter-5.6.3/bin/user.properties
2026-09-02 14:02:34,585 INFO o.a.j.JMeter: Loading system properties from: /opt/apache-jmeter-5.6.3/bin/system.properties
2026-09-02 14:02:34,586 INFO o.a.j.JMeter: Setting JMeter property: host=order.smartone.com
2026-09-02 14:02:34,586 INFO o.a.j.JMeter: Setting JMeter property: port=443
2026-09-02 14:02:34,586 INFO o.a.j.JMeter: Setting JMeter property: protocol=https
2026-09-02 14:02:34,586 INFO o.a.j.JMeter: Setting JMeter property: path=/jsp/smartpass/tchinese/customer.jsp
2026-09-02 14:02:34,586 INFO o.a.j.JMeter: Setting JMeter property: threads=1
2026-09-02 14:02:34,586 INFO o.a.j.JMeter: Setting JMeter property: rpm=60
2026-09-02 14:02:34,586 INFO o.a.j.JMeter: Setting JMeter property: rampup=6
2026-09-02 14:02:34,587 INFO o.a.j.JMeter: Setting JMeter property: duration=30
2026-09-02 14:02:34,587 INFO o.a.j.JMeter: Setting JMeter property: loops=1
2026-09-02 14:02:34,587 INFO o.a.j.JMeter: Setting JMeter property: expectcode=30[12]
2026-09-02 14:02:34,588 INFO o.a.j.JMeter: Setting JMeter property: expectlocation=queue-it.net
2026-09-02 14:02:34,588 INFO o.a.j.JMeter: Setting JMeter property: jmeter.save.saveservice.output_format=csv
2026-09-02 14:02:34,588 INFO o.a.j.JMeter: Setting JMeter property: jmeter.save.saveservice.response_data=false
2026-09-02 14:02:34,589 INFO o.a.j.JMeter: Setting JMeter property: jmeter.save.saveservice.samplerData=false
2026-09-02 14:02:34,604 INFO o.a.j.JMeter: Copyright (c) 1998-2024 The Apache Software Foundation
2026-09-02 14:02:34,605 INFO o.a.j.JMeter: Version 5.6.3
2026-09-02 14:02:34,605 INFO o.a.j.JMeter: java.version=17.0.20
2026-09-02 14:02:34,605 INFO o.a.j.JMeter: java.vm.name=OpenJDK 64-Bit Server VM
2026-09-02 14:02:34,605 INFO o.a.j.JMeter: os.name=Linux
2026-09-02 14:02:34,605 INFO o.a.j.JMeter: os.arch=amd64
2026-09-02 14:02:34,605 INFO o.a.j.JMeter: os.version=7.0.0-1011-aws
2026-09-02 14:02:34,605 INFO o.a.j.JMeter: file.encoding=UTF-8
2026-09-02 14:02:34,605 INFO o.a.j.JMeter: java.awt.headless=true
2026-09-02 14:02:34,605 INFO o.a.j.JMeter: Max memory     =536870912
2026-09-02 14:02:34,606 INFO o.a.j.JMeter: Available Processors =2
2026-09-02 14:02:34,625 INFO o.a.j.JMeter: Default Locale=English (EN)
2026-09-02 14:02:34,625 INFO o.a.j.JMeter: JMeter  Locale=English (EN)
2026-09-02 14:02:34,625 INFO o.a.j.JMeter: JMeterHome=/opt/apache-jmeter-5.6.3
2026-09-02 14:02:34,625 INFO o.a.j.JMeter: user.dir  =/root/flowguides/Jmeter
2026-09-02 14:02:34,626 INFO o.a.j.JMeter: PWD       =/root/flowguides/Jmeter
2026-09-02 14:02:34,627 INFO o.a.j.JMeter: IP: 172.31.14.98 Name: ip-172-31-14-98 FullName: ip-172-31-14-98.ap-east-1.compute.internal
2026-09-02 14:02:34,644 INFO o.a.j.JMeter: Setting property 'jmeter.reportgenerator.outputdir' to:'/root/flowguides/Jmeter/results/smoke-20260902-140232/report'
2026-09-02 14:02:34,648 INFO o.a.j.s.FileServer: Default base='/root/flowguides/Jmeter'
2026-09-02 14:02:34,650 INFO o.a.j.s.FileServer: Set new base='/root/flowguides/Jmeter'
2026-09-02 14:02:35,049 INFO o.a.j.s.SaveService: Testplan (JMX) version: 2.2. Testlog (JTL) version: 2.2
2026-09-02 14:02:35,116 INFO o.a.j.s.SaveService: Using SaveService properties version 5.0
2026-09-02 14:02:35,122 INFO o.a.j.s.SaveService: Using SaveService properties file encoding UTF-8
2026-09-02 14:02:35,126 INFO o.a.j.s.SaveService: Loading file: queue-load.jmx
2026-09-02 14:02:35,183 INFO o.a.j.p.h.c.CookieManager: Settings: Delete null: true Check: true Allow variable: true Save: false Prefix: COOKIE_
2026-09-02 14:02:35,240 INFO o.a.j.p.h.s.HTTPSamplerBase: Parser for text/html is org.apache.jmeter.protocol.http.parser.LagartoBasedHtmlParser
2026-09-02 14:02:35,240 INFO o.a.j.p.h.s.HTTPSamplerBase: Parser for application/xhtml+xml is org.apache.jmeter.protocol.http.parser.LagartoBasedHtmlParser
2026-09-02 14:02:35,240 INFO o.a.j.p.h.s.HTTPSamplerBase: Parser for application/xml is org.apache.jmeter.protocol.http.parser.LagartoBasedHtmlParser
2026-09-02 14:02:35,240 INFO o.a.j.p.h.s.HTTPSamplerBase: Parser for text/xml is org.apache.jmeter.protocol.http.parser.LagartoBasedHtmlParser
2026-09-02 14:02:35,240 INFO o.a.j.p.h.s.HTTPSamplerBase: Parser for text/vnd.wap.wml is org.apache.jmeter.protocol.http.parser.RegexpHTMLParser
2026-09-02 14:02:35,240 INFO o.a.j.p.h.s.HTTPSamplerBase: Parser for text/css is org.apache.jmeter.protocol.http.parser.CssParser
2026-09-02 14:02:35,272 INFO o.a.j.JMeter: Creating summariser <summary>
2026-09-02 14:02:35,289 INFO o.a.j.r.d.ReportGenerator: ReportGenerator will use for Parsing the separator: ','
2026-09-02 14:02:35,289 INFO o.a.j.r.d.ReportGenerator: Will generate report at end of test from  results file: results/smoke-20260902-140232/results.jtl
2026-09-02 14:02:35,289 INFO o.a.j.r.d.ReportGenerator: Reading report generator properties from: /opt/apache-jmeter-5.6.3/bin/reportgenerator.properties
2026-09-02 14:02:35,291 INFO o.a.j.r.d.ReportGenerator: Merging with JMeter properties
2026-09-02 14:02:35,297 INFO o.a.j.r.c.ReportGeneratorConfiguration: Property 'jmeter.reportgenerator.temp_dir' not found, using default value 'temp' instead.
2026-09-02 14:02:35,302 INFO o.a.j.r.c.ReportGeneratorConfiguration: Property 'jmeter.reportgenerator.apdex_per_transaction' not found, using default value 'null' instead.
2026-09-02 14:02:35,303 INFO o.a.j.r.c.ReportGeneratorConfiguration: apdex_per_transaction is empty, not APDEX per transaction customization
2026-09-02 14:02:35,304 INFO o.a.j.r.c.ReportGeneratorConfiguration: Property 'jmeter.reportgenerator.sample_filter' not found, using default value 'null' instead.
2026-09-02 14:02:35,304 INFO o.a.j.r.c.ReportGeneratorConfiguration: Property 'jmeter.reportgenerator.report_title' not found, using default value 'null' instead.
2026-09-02 14:02:35,304 INFO o.a.j.r.c.ReportGeneratorConfiguration: Property 'jmeter.reportgenerator.start_date' not found, using default value 'null' instead.
2026-09-02 14:02:35,304 INFO o.a.j.r.c.ReportGeneratorConfiguration: Property 'jmeter.reportgenerator.end_date' not found, using default value 'null' instead.
2026-09-02 14:02:35,304 INFO o.a.j.r.c.ReportGeneratorConfiguration: Property 'jmeter.reportgenerator.date_format' not found, using default value 'null' instead.
2026-09-02 14:02:35,305 INFO o.a.j.r.c.ReportGeneratorConfiguration: Will use date range start date: null, end date: null
2026-09-02 14:02:35,311 INFO o.a.j.r.c.ReportGeneratorConfiguration: Property 'jmeter.reportgenerator.graph.totalTPS.exclude_controllers' not found, using default value 'false' instead.
2026-09-02 14:02:35,311 INFO o.a.j.r.c.ReportGeneratorConfiguration: Property 'jmeter.reportgenerator.graph.activeThreadsOverTime.exclude_controllers' not found, using default value 'false' instead.
2026-09-02 14:02:35,312 INFO o.a.j.r.c.ReportGeneratorConfiguration: Property 'jmeter.reportgenerator.graph.timeVsThreads.exclude_controllers' not found, using default value 'false' instead.
2026-09-02 14:02:35,312 INFO o.a.j.r.c.ReportGeneratorConfiguration: Property 'jmeter.reportgenerator.graph.responseTimeDistribution.exclude_controllers' not found, using default value 'false' instead.
2026-09-02 14:02:35,312 INFO o.a.j.r.c.ReportGeneratorConfiguration: Property 'jmeter.reportgenerator.graph.transactionsPerSecond.exclude_controllers' not found, using default value 'false' instead.
2026-09-02 14:02:35,312 INFO o.a.j.r.c.ReportGeneratorConfiguration: Property 'jmeter.reportgenerator.graph.responseTimePercentiles.exclude_controllers' not found, using default value 'false' instead.
2026-09-02 14:02:35,312 INFO o.a.j.r.c.ReportGeneratorConfiguration: Property 'jmeter.reportgenerator.graph.responseTimePercentilesOverTime.exclude_controllers' not found, using default value 'false' instead.
2026-09-02 14:02:35,313 INFO o.a.j.r.c.ReportGeneratorConfiguration: Property 'jmeter.reportgenerator.graph.responseTimesOverTime.exclude_controllers' not found, using default value 'false' instead.
2026-09-02 14:02:35,313 INFO o.a.j.r.c.ReportGeneratorConfiguration: Property 'jmeter.reportgenerator.graph.connectTimeOverTime.exclude_controllers' not found, using default value 'false' instead.
2026-09-02 14:02:35,313 INFO o.a.j.r.c.ReportGeneratorConfiguration: Property 'jmeter.reportgenerator.graph.latenciesOverTime.exclude_controllers' not found, using default value 'false' instead.
2026-09-02 14:02:35,315 INFO o.a.j.r.c.ReportGeneratorConfiguration: Property 'jmeter.reportgenerator.exporter.json.filters_only_sample_series' not found, using default value 'true' instead.
2026-09-02 14:02:35,315 INFO o.a.j.r.c.ReportGeneratorConfiguration: Property 'jmeter.reportgenerator.exporter.json.series_filter' not found, using default value '' instead.
2026-09-02 14:02:35,316 INFO o.a.j.r.c.ReportGeneratorConfiguration: Property 'jmeter.reportgenerator.exporter.json.show_controllers_only' not found, using default value 'false' instead.
2026-09-02 14:02:35,317 INFO o.a.j.r.c.ReportGeneratorConfiguration: Property 'jmeter.reportgenerator.exporter.html.filters_only_sample_series' not found, using default value 'true' instead.
2026-09-02 14:02:35,317 INFO o.a.j.r.c.ReportGeneratorConfiguration: Property 'jmeter.reportgenerator.exporter.html.series_filter' not found, using default value '' instead.
2026-09-02 14:02:35,317 INFO o.a.j.r.c.ReportGeneratorConfiguration: Property 'jmeter.reportgenerator.exporter.html.show_controllers_only' not found, using default value 'false' instead.
2026-09-02 14:02:35,340 INFO o.a.j.e.StandardJMeterEngine: Running the test!
2026-09-02 14:02:35,341 INFO o.a.j.s.SampleEvent: List of sample_variables: []
2026-09-02 14:02:35,341 INFO o.a.j.s.SampleEvent: List of sample_variables: []
2026-09-02 14:02:35,357 INFO o.a.j.e.u.CompoundVariable: Note: Function class names must contain the string: '.functions.'
2026-09-02 14:02:35,357 INFO o.a.j.e.u.CompoundVariable: Note: Function class names must not contain the string: '.gui.'
2026-09-02 14:02:35,468 INFO o.a.j.r.ClassFinder: Will scan jar /opt/apache-jmeter-5.6.3/lib/ext/jmeter-plugins-manager-1.10.jar with filter ExtendsClassFilter [parents=[interface org.apache.jmeter.functions.Function], inner=false, contains=null, notContains=null]. Consider exposing JMeter plugins via META-INF/services, and add JMeter-Skip-Class-Scanning=true manifest attribute so JMeter can skip classfile scanning
2026-09-02 14:02:35,698 INFO o.a.j.JMeter: Running test (1788357755698)
2026-09-02 14:02:35,761 INFO o.a.j.e.StandardJMeterEngine: Starting ThreadGroup: 1 : Visitor Thread Group
2026-09-02 14:02:35,762 INFO o.a.j.e.StandardJMeterEngine: Starting 1 threads for group Visitor Thread Group.
2026-09-02 14:02:35,762 INFO o.a.j.e.StandardJMeterEngine: Thread will continue on error
2026-09-02 14:02:35,762 INFO o.a.j.t.ThreadGroup: Starting thread group... number=1 threads=1 ramp-up=6 delayedStart=false
2026-09-02 14:02:35,771 INFO o.a.j.t.ThreadGroup: Started thread group number 1
2026-09-02 14:02:35,772 INFO o.a.j.e.StandardJMeterEngine: All thread groups have been started
2026-09-02 14:02:35,778 INFO o.a.j.t.JMeterThread: Thread started: Visitor Thread Group 1-1
2026-09-02 14:02:35,850 INFO o.a.j.p.h.s.HTTPHCAbstractImpl: Local host = ip-172-31-14-98
2026-09-02 14:02:35,860 INFO o.a.j.p.h.s.HTTPHC4Impl: HTTP request retry count = 0
2026-09-02 14:02:35,862 INFO o.a.j.s.SampleResult: Note: Sample TimeStamps are START times
2026-09-02 14:02:35,863 INFO o.a.j.s.SampleResult: sampleresult.default.encoding is set to UTF-8
2026-09-02 14:02:35,863 INFO o.a.j.s.SampleResult: sampleresult.useNanoTime=true
2026-09-02 14:02:35,863 INFO o.a.j.s.SampleResult: sampleresult.nanoThreadSleep=5000
2026-09-02 14:02:35,949 INFO o.a.j.p.h.s.h.LazyLayeredConnectionSocketFactory: Setting up HTTPS TrustAll Socket Factory
2026-09-02 14:02:35,964 INFO o.a.j.u.JsseSSLManager: Using default SSL protocol: TLS
2026-09-02 14:02:35,964 INFO o.a.j.u.JsseSSLManager: SSL session context: per-thread
2026-09-02 14:02:36,148 INFO o.a.j.u.SSLManager: JmeterKeyStore Location:  type JKS
2026-09-02 14:02:36,161 INFO o.a.j.u.SSLManager: KeyStore created OK
2026-09-02 14:02:36,161 WARN o.a.j.u.SSLManager: Keystore file not found, loading empty keystore
2026-09-02 14:02:36,605 INFO o.a.j.t.JMeterThread: Thread is done: Visitor Thread Group 1-1
2026-09-02 14:02:36,606 INFO o.a.j.t.JMeterThread: Thread finished: Visitor Thread Group 1-1
2026-09-02 14:02:36,606 INFO o.a.j.e.StandardJMeterEngine: Notifying test listeners of end of test
2026-09-02 14:02:36,609 INFO o.a.j.r.Summariser: summary =      1 in 00:00:01 =    1.1/s Avg:   679 Min:   679 Max:   679 Err:     1 (100.00%)
2026-09-02 14:02:36,609 INFO o.a.j.JMeter: Generating Dashboard
2026-09-02 14:02:36,609 INFO o.a.j.r.d.ReportGenerator: Flushing result collector before report Generation
2026-09-02 14:02:36,624 INFO o.a.j.r.p.NormalizerSampleConsumer: Using format, 'ms', to parse timeStamp field
2026-09-02 14:02:36,711 INFO o.a.j.r.p.AbstractSampleConsumer: class org.apache.jmeter.report.processor.AggregateConsumer#stopProducing(): beginDate produced 0 samples
2026-09-02 14:02:36,712 INFO o.a.j.r.p.AbstractSampleConsumer: class org.apache.jmeter.report.processor.AggregateConsumer#stopProducing(): endDate produced 0 samples
2026-09-02 14:02:36,714 INFO o.a.j.r.p.AbstractSampleConsumer: class org.apache.jmeter.report.processor.ApdexSummaryConsumer#stopProducing(): apdexSummary produced 0 samples
2026-09-02 14:02:36,714 INFO o.a.j.r.p.AbstractSampleConsumer: class org.apache.jmeter.report.processor.RequestsSummaryConsumer#stopProducing(): requestsSummary produced 0 samples
2026-09-02 14:02:36,718 INFO o.a.j.r.p.AbstractSampleConsumer: class org.apache.jmeter.report.processor.StatisticsSummaryConsumer#stopProducing(): statisticsSummary produced 0 samples
2026-09-02 14:02:36,721 INFO o.a.j.r.p.AbstractSampleConsumer: class org.apache.jmeter.report.processor.Top5ErrorsBySamplerConsumer#stopProducing(): top5ErrorsBySampler produced 0 samples
2026-09-02 14:02:36,721 INFO o.a.j.r.p.AbstractSampleConsumer: class org.apache.jmeter.report.processor.ErrorsSummaryConsumer#stopProducing(): errorsSummary produced 0 samples
2026-09-02 14:02:36,722 INFO o.a.j.r.p.AbstractSampleConsumer: class org.apache.jmeter.report.processor.graph.impl.HitsPerSecondGraphConsumer#stopProducing(): hitsPerSecond produced 0 samples
2026-09-02 14:02:36,737 INFO o.a.j.r.p.AbstractSampleConsumer: class org.apache.jmeter.report.processor.graph.impl.LatencyVSRequestGraphConsumer#stopProducing(): latencyVsRequest produced 0 samples
2026-09-02 14:02:36,737 INFO o.a.j.r.p.AbstractSampleConsumer: class org.apache.jmeter.report.processor.graph.impl.SyntheticResponseTimeDistributionGraphConsumer#stopProducing(): syntheticResponseTimeDistribution produced 0 samples
2026-09-02 14:02:36,738 INFO o.a.j.r.p.AbstractSampleConsumer: class org.apache.jmeter.report.processor.graph.impl.BytesThroughputGraphConsumer#stopProducing(): bytesThroughputOverTime produced 0 samples
2026-09-02 14:02:36,738 INFO o.a.j.r.p.AbstractSampleConsumer: class org.apache.jmeter.report.processor.graph.impl.CodesPerSecondGraphConsumer#stopProducing(): codesPerSecond produced 0 samples
2026-09-02 14:02:36,741 INFO o.a.j.r.p.AbstractSampleConsumer: class org.apache.jmeter.report.processor.graph.impl.ResponseTimeVSRequestGraphConsumer#stopProducing(): responseTimeVsRequest produced 0 samples
2026-09-02 14:02:36,741 INFO o.a.j.r.p.AbstractSampleConsumer: class org.apache.jmeter.report.processor.FilterConsumer#stopProducing(): startIntervalControlerFilter produced 7 samples
2026-09-02 14:02:36,741 INFO o.a.j.r.p.AbstractSampleConsumer: class org.apache.jmeter.report.processor.graph.impl.TotalTPSGraphConsumer#stopProducing(): totalTPS produced 0 samples
2026-09-02 14:02:36,742 INFO o.a.j.r.p.AbstractSampleConsumer: class org.apache.jmeter.report.processor.graph.impl.ActiveThreadsGraphConsumer#stopProducing(): activeThreadsOverTime produced 0 samples
2026-09-02 14:02:36,742 INFO o.a.j.r.p.AbstractSampleConsumer: class org.apache.jmeter.report.processor.graph.impl.TimeVSThreadGraphConsumer#stopProducing(): timeVsThreads produced 0 samples
2026-09-02 14:02:36,742 INFO o.a.j.r.p.AbstractSampleConsumer: class org.apache.jmeter.report.processor.graph.impl.ResponseTimeDistributionGraphConsumer#stopProducing(): responseTimeDistribution produced 0 samples
2026-09-02 14:02:36,742 INFO o.a.j.r.p.AbstractSampleConsumer: class org.apache.jmeter.report.processor.graph.impl.TransactionsPerSecondGraphConsumer#stopProducing(): transactionsPerSecond produced 0 samples
2026-09-02 14:02:36,742 INFO o.a.j.r.p.AbstractSampleConsumer: class org.apache.jmeter.report.processor.graph.impl.ResponseTimePercentilesGraphConsumer#stopProducing(): responseTimePercentiles produced 0 samples
2026-09-02 14:02:36,744 INFO o.a.j.r.p.AbstractSampleConsumer: class org.apache.jmeter.report.processor.graph.impl.ResponseTimePercentilesOverTimeGraphConsumer#stopProducing(): responseTimePercentilesOverTime produced 0 samples
2026-09-02 14:02:36,744 INFO o.a.j.r.p.AbstractSampleConsumer: class org.apache.jmeter.report.processor.graph.impl.ResponseTimeOverTimeGraphConsumer#stopProducing(): responseTimesOverTime produced 0 samples
2026-09-02 14:02:36,744 INFO o.a.j.r.p.AbstractSampleConsumer: class org.apache.jmeter.report.processor.graph.impl.ConnectTimeOverTimeGraphConsumer#stopProducing(): connectTimeOverTime produced 0 samples
2026-09-02 14:02:36,744 INFO o.a.j.r.p.AbstractSampleConsumer: class org.apache.jmeter.report.processor.graph.impl.LatencyOverTimeGraphConsumer#stopProducing(): latenciesOverTime produced 0 samples
2026-09-02 14:02:36,744 INFO o.a.j.r.p.AbstractSampleConsumer: class org.apache.jmeter.report.processor.FilterConsumer#stopProducing(): nameFilter produced 15 samples
2026-09-02 14:02:36,744 INFO o.a.j.r.p.AbstractSampleConsumer: class org.apache.jmeter.report.processor.FilterConsumer#stopProducing(): dateRangeFilter produced 3 samples
2026-09-02 14:02:36,744 INFO o.a.j.r.p.AbstractSampleConsumer: class org.apache.jmeter.report.processor.NormalizerSampleConsumer#stopProducing(): normalizer produced 1 samples
2026-09-02 14:02:36,745 INFO o.a.j.r.p.CsvFileSampleSource: produce(): 1 samples produced in 84ms on channel 0
2026-09-02 14:02:36,745 INFO o.a.j.r.d.ReportGenerator: Exporting data using exporter:'json' of className:'org.apache.jmeter.report.dashboard.JsonExporter'
2026-09-02 14:02:36,855 INFO o.a.j.r.d.JsonExporter: Found data for consumer statisticsSummary in context
2026-09-02 14:02:36,855 INFO o.a.j.r.d.JsonExporter: Creating statistics for overall
2026-09-02 14:02:36,856 INFO o.a.j.r.d.JsonExporter: Creating statistics for other transactions
2026-09-02 14:02:36,857 INFO o.a.j.r.d.JsonExporter: Checking output folder
2026-09-02 14:02:36,858 INFO o.a.j.r.d.JsonExporter: Writing statistics JSON to /root/flowguides/Jmeter/results/smoke-20260902-140232/report/statistics.json
2026-09-02 14:02:36,903 INFO o.a.j.r.d.ReportGenerator: Exporting data using exporter:'html' of className:'org.apache.jmeter.report.dashboard.HtmlTemplateExporter'
2026-09-02 14:02:36,906 INFO o.a.j.r.d.HtmlTemplateExporter: Will generate dashboard in folder: /root/flowguides/Jmeter/results/smoke-20260902-140232/report
2026-09-02 14:02:37,101 INFO o.a.j.r.d.HtmlTemplateExporter: Report will be generated in: /root/flowguides/Jmeter/results/smoke-20260902-140232/report, creating folder structure
2026-09-02 14:02:37,104 INFO o.a.j.r.d.TemplateVisitor: Copying folder from '/opt/apache-jmeter-5.6.3/bin/report-template' to '/root/flowguides/Jmeter/results/smoke-20260902-140232/report', got message: /root/flowguides/Jmeter/results/smoke-20260902-140232/report, found non empty folder with following content [/root/flowguides/Jmeter/results/smoke-20260902-140232/report/statistics.json], will be ignored
2026-09-02 14:02:37,426 INFO o.a.j.JMeter: Dashboard generated
