2026-09-02 15:06:46,718 INFO o.a.j.u.JMeterUtils: Setting Locale to en_EN
2026-09-02 15:06:46,754 INFO o.a.j.JMeter: Loading user properties from: /opt/apache-jmeter-5.6.3/bin/user.properties
2026-09-02 15:06:46,755 INFO o.a.j.JMeter: Loading system properties from: /opt/apache-jmeter-5.6.3/bin/system.properties
2026-09-02 15:06:46,755 INFO o.a.j.JMeter: Setting JMeter property: host=order.smartone.com
2026-09-02 15:06:46,755 INFO o.a.j.JMeter: Setting JMeter property: port=443
2026-09-02 15:06:46,755 INFO o.a.j.JMeter: Setting JMeter property: protocol=https
2026-09-02 15:06:46,755 INFO o.a.j.JMeter: Setting JMeter property: path=/jsp/smartpass/tchinese/customer.jsp
2026-09-02 15:06:46,756 INFO o.a.j.JMeter: Setting JMeter property: threads=1
2026-09-02 15:06:46,756 INFO o.a.j.JMeter: Setting JMeter property: rpm=60
2026-09-02 15:06:46,756 INFO o.a.j.JMeter: Setting JMeter property: rampup=6
2026-09-02 15:06:46,756 INFO o.a.j.JMeter: Setting JMeter property: duration=30
2026-09-02 15:06:46,756 INFO o.a.j.JMeter: Setting JMeter property: loops=2
2026-09-02 15:06:46,756 INFO o.a.j.JMeter: Setting JMeter property: expectcode=30[12]
2026-09-02 15:06:46,756 INFO o.a.j.JMeter: Setting JMeter property: expectlocation=queue-it.net
2026-09-02 15:06:46,756 INFO o.a.j.JMeter: Setting JMeter property: jmeter.save.saveservice.output_format=csv
2026-09-02 15:06:46,756 INFO o.a.j.JMeter: Setting JMeter property: jmeter.save.saveservice.response_data=false
2026-09-02 15:06:46,756 INFO o.a.j.JMeter: Setting JMeter property: jmeter.save.saveservice.samplerData=false
2026-09-02 15:06:46,774 INFO o.a.j.JMeter: Copyright (c) 1998-2024 The Apache Software Foundation
2026-09-02 15:06:46,774 INFO o.a.j.JMeter: Version 5.6.3
2026-09-02 15:06:46,775 INFO o.a.j.JMeter: java.version=17.0.20
2026-09-02 15:06:46,775 INFO o.a.j.JMeter: java.vm.name=OpenJDK 64-Bit Server VM
2026-09-02 15:06:46,775 INFO o.a.j.JMeter: os.name=Linux
2026-09-02 15:06:46,775 INFO o.a.j.JMeter: os.arch=amd64
2026-09-02 15:06:46,775 INFO o.a.j.JMeter: os.version=7.0.0-1011-aws
2026-09-02 15:06:46,775 INFO o.a.j.JMeter: file.encoding=UTF-8
2026-09-02 15:06:46,775 INFO o.a.j.JMeter: java.awt.headless=true
2026-09-02 15:06:46,775 INFO o.a.j.JMeter: Max memory     =536870912
2026-09-02 15:06:46,777 INFO o.a.j.JMeter: Available Processors =2
2026-09-02 15:06:46,792 INFO o.a.j.JMeter: Default Locale=English (EN)
2026-09-02 15:06:46,792 INFO o.a.j.JMeter: JMeter  Locale=English (EN)
2026-09-02 15:06:46,792 INFO o.a.j.JMeter: JMeterHome=/opt/apache-jmeter-5.6.3
2026-09-02 15:06:46,792 INFO o.a.j.JMeter: user.dir  =/root/flowguides/Jmeter
2026-09-02 15:06:46,793 INFO o.a.j.JMeter: PWD       =/root/flowguides/Jmeter
2026-09-02 15:06:46,796 INFO o.a.j.JMeter: IP: 172.31.14.98 Name: ip-172-31-14-98 FullName: ip-172-31-14-98.ap-east-1.compute.internal
2026-09-02 15:06:46,813 INFO o.a.j.JMeter: Setting property 'jmeter.reportgenerator.outputdir' to:'/root/flowguides/Jmeter/results/smoke-20260902-150645/report'
2026-09-02 15:06:46,829 INFO o.a.j.s.FileServer: Default base='/root/flowguides/Jmeter'
2026-09-02 15:06:46,834 INFO o.a.j.s.FileServer: Set new base='/root/flowguides/Jmeter'
2026-09-02 15:06:47,261 INFO o.a.j.s.SaveService: Testplan (JMX) version: 2.2. Testlog (JTL) version: 2.2
2026-09-02 15:06:47,314 INFO o.a.j.s.SaveService: Using SaveService properties version 5.0
2026-09-02 15:06:47,319 INFO o.a.j.s.SaveService: Using SaveService properties file encoding UTF-8
2026-09-02 15:06:47,328 INFO o.a.j.s.SaveService: Loading file: queue-load.jmx
2026-09-02 15:06:47,395 INFO o.a.j.p.h.c.CookieManager: Settings: Delete null: true Check: true Allow variable: true Save: false Prefix: COOKIE_
2026-09-02 15:06:47,459 INFO o.a.j.p.h.s.HTTPSamplerBase: Parser for text/html is org.apache.jmeter.protocol.http.parser.LagartoBasedHtmlParser
2026-09-02 15:06:47,461 INFO o.a.j.p.h.s.HTTPSamplerBase: Parser for application/xhtml+xml is org.apache.jmeter.protocol.http.parser.LagartoBasedHtmlParser
2026-09-02 15:06:47,461 INFO o.a.j.p.h.s.HTTPSamplerBase: Parser for application/xml is org.apache.jmeter.protocol.http.parser.LagartoBasedHtmlParser
2026-09-02 15:06:47,461 INFO o.a.j.p.h.s.HTTPSamplerBase: Parser for text/xml is org.apache.jmeter.protocol.http.parser.LagartoBasedHtmlParser
2026-09-02 15:06:47,461 INFO o.a.j.p.h.s.HTTPSamplerBase: Parser for text/vnd.wap.wml is org.apache.jmeter.protocol.http.parser.RegexpHTMLParser
2026-09-02 15:06:47,461 INFO o.a.j.p.h.s.HTTPSamplerBase: Parser for text/css is org.apache.jmeter.protocol.http.parser.CssParser
2026-09-02 15:06:47,486 INFO o.a.j.JMeter: Creating summariser <summary>
2026-09-02 15:06:47,504 INFO o.a.j.r.d.ReportGenerator: ReportGenerator will use for Parsing the separator: ','
2026-09-02 15:06:47,504 INFO o.a.j.r.d.ReportGenerator: Will generate report at end of test from  results file: results/smoke-20260902-150645/results.jtl
2026-09-02 15:06:47,504 INFO o.a.j.r.d.ReportGenerator: Reading report generator properties from: /opt/apache-jmeter-5.6.3/bin/reportgenerator.properties
2026-09-02 15:06:47,505 INFO o.a.j.r.d.ReportGenerator: Merging with JMeter properties
2026-09-02 15:06:47,511 INFO o.a.j.r.c.ReportGeneratorConfiguration: Property 'jmeter.reportgenerator.temp_dir' not found, using default value 'temp' instead.
2026-09-02 15:06:47,514 INFO o.a.j.r.c.ReportGeneratorConfiguration: Property 'jmeter.reportgenerator.apdex_per_transaction' not found, using default value 'null' instead.
2026-09-02 15:06:47,514 INFO o.a.j.r.c.ReportGeneratorConfiguration: apdex_per_transaction is empty, not APDEX per transaction customization
2026-09-02 15:06:47,515 INFO o.a.j.r.c.ReportGeneratorConfiguration: Property 'jmeter.reportgenerator.sample_filter' not found, using default value 'null' instead.
2026-09-02 15:06:47,515 INFO o.a.j.r.c.ReportGeneratorConfiguration: Property 'jmeter.reportgenerator.report_title' not found, using default value 'null' instead.
2026-09-02 15:06:47,515 INFO o.a.j.r.c.ReportGeneratorConfiguration: Property 'jmeter.reportgenerator.start_date' not found, using default value 'null' instead.
2026-09-02 15:06:47,515 INFO o.a.j.r.c.ReportGeneratorConfiguration: Property 'jmeter.reportgenerator.end_date' not found, using default value 'null' instead.
2026-09-02 15:06:47,515 INFO o.a.j.r.c.ReportGeneratorConfiguration: Property 'jmeter.reportgenerator.date_format' not found, using default value 'null' instead.
2026-09-02 15:06:47,516 INFO o.a.j.r.c.ReportGeneratorConfiguration: Will use date range start date: null, end date: null
2026-09-02 15:06:47,521 INFO o.a.j.r.c.ReportGeneratorConfiguration: Property 'jmeter.reportgenerator.graph.totalTPS.exclude_controllers' not found, using default value 'false' instead.
2026-09-02 15:06:47,521 INFO o.a.j.r.c.ReportGeneratorConfiguration: Property 'jmeter.reportgenerator.graph.activeThreadsOverTime.exclude_controllers' not found, using default value 'false' instead.
2026-09-02 15:06:47,521 INFO o.a.j.r.c.ReportGeneratorConfiguration: Property 'jmeter.reportgenerator.graph.timeVsThreads.exclude_controllers' not found, using default value 'false' instead.
2026-09-02 15:06:47,522 INFO o.a.j.r.c.ReportGeneratorConfiguration: Property 'jmeter.reportgenerator.graph.responseTimeDistribution.exclude_controllers' not found, using default value 'false' instead.
2026-09-02 15:06:47,522 INFO o.a.j.r.c.ReportGeneratorConfiguration: Property 'jmeter.reportgenerator.graph.transactionsPerSecond.exclude_controllers' not found, using default value 'false' instead.
2026-09-02 15:06:47,522 INFO o.a.j.r.c.ReportGeneratorConfiguration: Property 'jmeter.reportgenerator.graph.responseTimePercentiles.exclude_controllers' not found, using default value 'false' instead.
2026-09-02 15:06:47,522 INFO o.a.j.r.c.ReportGeneratorConfiguration: Property 'jmeter.reportgenerator.graph.responseTimePercentilesOverTime.exclude_controllers' not found, using default value 'false' instead.
2026-09-02 15:06:47,522 INFO o.a.j.r.c.ReportGeneratorConfiguration: Property 'jmeter.reportgenerator.graph.responseTimesOverTime.exclude_controllers' not found, using default value 'false' instead.
2026-09-02 15:06:47,523 INFO o.a.j.r.c.ReportGeneratorConfiguration: Property 'jmeter.reportgenerator.graph.connectTimeOverTime.exclude_controllers' not found, using default value 'false' instead.
2026-09-02 15:06:47,523 INFO o.a.j.r.c.ReportGeneratorConfiguration: Property 'jmeter.reportgenerator.graph.latenciesOverTime.exclude_controllers' not found, using default value 'false' instead.
2026-09-02 15:06:47,524 INFO o.a.j.r.c.ReportGeneratorConfiguration: Property 'jmeter.reportgenerator.exporter.json.filters_only_sample_series' not found, using default value 'true' instead.
2026-09-02 15:06:47,525 INFO o.a.j.r.c.ReportGeneratorConfiguration: Property 'jmeter.reportgenerator.exporter.json.series_filter' not found, using default value '' instead.
2026-09-02 15:06:47,525 INFO o.a.j.r.c.ReportGeneratorConfiguration: Property 'jmeter.reportgenerator.exporter.json.show_controllers_only' not found, using default value 'false' instead.
2026-09-02 15:06:47,525 INFO o.a.j.r.c.ReportGeneratorConfiguration: Property 'jmeter.reportgenerator.exporter.html.filters_only_sample_series' not found, using default value 'true' instead.
2026-09-02 15:06:47,526 INFO o.a.j.r.c.ReportGeneratorConfiguration: Property 'jmeter.reportgenerator.exporter.html.series_filter' not found, using default value '' instead.
2026-09-02 15:06:47,526 INFO o.a.j.r.c.ReportGeneratorConfiguration: Property 'jmeter.reportgenerator.exporter.html.show_controllers_only' not found, using default value 'false' instead.
2026-09-02 15:06:47,542 INFO o.a.j.e.StandardJMeterEngine: Running the test!
2026-09-02 15:06:47,543 INFO o.a.j.s.SampleEvent: List of sample_variables: []
2026-09-02 15:06:47,543 INFO o.a.j.s.SampleEvent: List of sample_variables: []
2026-09-02 15:06:47,558 INFO o.a.j.e.u.CompoundVariable: Note: Function class names must contain the string: '.functions.'
2026-09-02 15:06:47,558 INFO o.a.j.e.u.CompoundVariable: Note: Function class names must not contain the string: '.gui.'
2026-09-02 15:06:47,653 INFO o.a.j.r.ClassFinder: Will scan jar /opt/apache-jmeter-5.6.3/lib/ext/jmeter-plugins-manager-1.10.jar with filter ExtendsClassFilter [parents=[interface org.apache.jmeter.functions.Function], inner=false, contains=null, notContains=null]. Consider exposing JMeter plugins via META-INF/services, and add JMeter-Skip-Class-Scanning=true manifest attribute so JMeter can skip classfile scanning
2026-09-02 15:06:47,906 INFO o.a.j.JMeter: Running test (1788361607906)
2026-09-02 15:06:47,950 INFO o.a.j.e.StandardJMeterEngine: Starting ThreadGroup: 1 : Visitor Thread Group
2026-09-02 15:06:47,950 INFO o.a.j.e.StandardJMeterEngine: Starting 1 threads for group Visitor Thread Group.
2026-09-02 15:06:47,950 INFO o.a.j.e.StandardJMeterEngine: Thread will continue on error
2026-09-02 15:06:47,951 INFO o.a.j.t.ThreadGroup: Starting thread group... number=1 threads=1 ramp-up=6 delayedStart=false
2026-09-02 15:06:47,960 INFO o.a.j.t.ThreadGroup: Started thread group number 1
2026-09-02 15:06:47,960 INFO o.a.j.e.StandardJMeterEngine: All thread groups have been started
2026-09-02 15:06:47,963 INFO o.a.j.t.JMeterThread: Thread started: Visitor Thread Group 1-1
2026-09-02 15:06:48,041 INFO o.a.j.p.h.s.HTTPHCAbstractImpl: Local host = ip-172-31-14-98
2026-09-02 15:06:48,050 INFO o.a.j.p.h.s.HTTPHC4Impl: HTTP request retry count = 0
2026-09-02 15:06:48,053 INFO o.a.j.s.SampleResult: Note: Sample TimeStamps are START times
2026-09-02 15:06:48,053 INFO o.a.j.s.SampleResult: sampleresult.default.encoding is set to UTF-8
2026-09-02 15:06:48,054 INFO o.a.j.s.SampleResult: sampleresult.useNanoTime=true
2026-09-02 15:06:48,054 INFO o.a.j.s.SampleResult: sampleresult.nanoThreadSleep=5000
2026-09-02 15:06:48,166 INFO o.a.j.p.h.s.h.LazyLayeredConnectionSocketFactory: Setting up HTTPS TrustAll Socket Factory
2026-09-02 15:06:48,174 INFO o.a.j.u.JsseSSLManager: Using default SSL protocol: TLS
2026-09-02 15:06:48,174 INFO o.a.j.u.JsseSSLManager: SSL session context: per-thread
2026-09-02 15:06:48,260 INFO o.a.j.u.SSLManager: JmeterKeyStore Location:  type JKS
2026-09-02 15:06:48,265 INFO o.a.j.u.SSLManager: KeyStore created OK
2026-09-02 15:06:48,265 WARN o.a.j.u.SSLManager: Keystore file not found, loading empty keystore
2026-09-02 15:06:49,072 INFO o.a.j.t.JMeterThread: Thread is done: Visitor Thread Group 1-1
2026-09-02 15:06:49,072 INFO o.a.j.t.JMeterThread: Thread finished: Visitor Thread Group 1-1
2026-09-02 15:06:49,073 INFO o.a.j.e.StandardJMeterEngine: Notifying test listeners of end of test
2026-09-02 15:06:49,074 INFO o.a.j.r.Summariser: summary =      2 in 00:00:01 =    1.7/s Avg:   234 Min:    63 Max:   406 Err:     2 (100.00%)
2026-09-02 15:06:49,075 INFO o.a.j.JMeter: Generating Dashboard
2026-09-02 15:06:49,075 INFO o.a.j.r.d.ReportGenerator: Flushing result collector before report Generation
2026-09-02 15:06:49,087 INFO o.a.j.r.p.NormalizerSampleConsumer: Using format, 'ms', to parse timeStamp field
2026-09-02 15:06:49,153 INFO o.a.j.r.p.AbstractSampleConsumer: class org.apache.jmeter.report.processor.AggregateConsumer#stopProducing(): beginDate produced 0 samples
2026-09-02 15:06:49,153 INFO o.a.j.r.p.AbstractSampleConsumer: class org.apache.jmeter.report.processor.AggregateConsumer#stopProducing(): endDate produced 0 samples
2026-09-02 15:06:49,156 INFO o.a.j.r.p.AbstractSampleConsumer: class org.apache.jmeter.report.processor.ApdexSummaryConsumer#stopProducing(): apdexSummary produced 0 samples
2026-09-02 15:06:49,156 INFO o.a.j.r.p.AbstractSampleConsumer: class org.apache.jmeter.report.processor.RequestsSummaryConsumer#stopProducing(): requestsSummary produced 0 samples
2026-09-02 15:06:49,162 INFO o.a.j.r.p.AbstractSampleConsumer: class org.apache.jmeter.report.processor.StatisticsSummaryConsumer#stopProducing(): statisticsSummary produced 0 samples
2026-09-02 15:06:49,164 INFO o.a.j.r.p.AbstractSampleConsumer: class org.apache.jmeter.report.processor.Top5ErrorsBySamplerConsumer#stopProducing(): top5ErrorsBySampler produced 0 samples
2026-09-02 15:06:49,165 INFO o.a.j.r.p.AbstractSampleConsumer: class org.apache.jmeter.report.processor.ErrorsSummaryConsumer#stopProducing(): errorsSummary produced 0 samples
2026-09-02 15:06:49,165 INFO o.a.j.r.p.AbstractSampleConsumer: class org.apache.jmeter.report.processor.graph.impl.HitsPerSecondGraphConsumer#stopProducing(): hitsPerSecond produced 0 samples
2026-09-02 15:06:49,176 INFO o.a.j.r.p.AbstractSampleConsumer: class org.apache.jmeter.report.processor.graph.impl.LatencyVSRequestGraphConsumer#stopProducing(): latencyVsRequest produced 0 samples
2026-09-02 15:06:49,177 INFO o.a.j.r.p.AbstractSampleConsumer: class org.apache.jmeter.report.processor.graph.impl.SyntheticResponseTimeDistributionGraphConsumer#stopProducing(): syntheticResponseTimeDistribution produced 0 samples
2026-09-02 15:06:49,177 INFO o.a.j.r.p.AbstractSampleConsumer: class org.apache.jmeter.report.processor.graph.impl.BytesThroughputGraphConsumer#stopProducing(): bytesThroughputOverTime produced 0 samples
2026-09-02 15:06:49,178 INFO o.a.j.r.p.AbstractSampleConsumer: class org.apache.jmeter.report.processor.graph.impl.CodesPerSecondGraphConsumer#stopProducing(): codesPerSecond produced 0 samples
2026-09-02 15:06:49,180 INFO o.a.j.r.p.AbstractSampleConsumer: class org.apache.jmeter.report.processor.graph.impl.ResponseTimeVSRequestGraphConsumer#stopProducing(): responseTimeVsRequest produced 0 samples
2026-09-02 15:06:49,180 INFO o.a.j.r.p.AbstractSampleConsumer: class org.apache.jmeter.report.processor.FilterConsumer#stopProducing(): startIntervalControlerFilter produced 14 samples
2026-09-02 15:06:49,180 INFO o.a.j.r.p.AbstractSampleConsumer: class org.apache.jmeter.report.processor.graph.impl.TotalTPSGraphConsumer#stopProducing(): totalTPS produced 0 samples
2026-09-02 15:06:49,181 INFO o.a.j.r.p.AbstractSampleConsumer: class org.apache.jmeter.report.processor.graph.impl.ActiveThreadsGraphConsumer#stopProducing(): activeThreadsOverTime produced 0 samples
2026-09-02 15:06:49,181 INFO o.a.j.r.p.AbstractSampleConsumer: class org.apache.jmeter.report.processor.graph.impl.TimeVSThreadGraphConsumer#stopProducing(): timeVsThreads produced 0 samples
2026-09-02 15:06:49,181 INFO o.a.j.r.p.AbstractSampleConsumer: class org.apache.jmeter.report.processor.graph.impl.ResponseTimeDistributionGraphConsumer#stopProducing(): responseTimeDistribution produced 0 samples
2026-09-02 15:06:49,181 INFO o.a.j.r.p.AbstractSampleConsumer: class org.apache.jmeter.report.processor.graph.impl.TransactionsPerSecondGraphConsumer#stopProducing(): transactionsPerSecond produced 0 samples
2026-09-02 15:06:49,181 INFO o.a.j.r.p.AbstractSampleConsumer: class org.apache.jmeter.report.processor.graph.impl.ResponseTimePercentilesGraphConsumer#stopProducing(): responseTimePercentiles produced 0 samples
2026-09-02 15:06:49,182 INFO o.a.j.r.p.AbstractSampleConsumer: class org.apache.jmeter.report.processor.graph.impl.ResponseTimePercentilesOverTimeGraphConsumer#stopProducing(): responseTimePercentilesOverTime produced 0 samples
2026-09-02 15:06:49,182 INFO o.a.j.r.p.AbstractSampleConsumer: class org.apache.jmeter.report.processor.graph.impl.ResponseTimeOverTimeGraphConsumer#stopProducing(): responseTimesOverTime produced 0 samples
2026-09-02 15:06:49,183 INFO o.a.j.r.p.AbstractSampleConsumer: class org.apache.jmeter.report.processor.graph.impl.ConnectTimeOverTimeGraphConsumer#stopProducing(): connectTimeOverTime produced 0 samples
2026-09-02 15:06:49,183 INFO o.a.j.r.p.AbstractSampleConsumer: class org.apache.jmeter.report.processor.graph.impl.LatencyOverTimeGraphConsumer#stopProducing(): latenciesOverTime produced 0 samples
2026-09-02 15:06:49,183 INFO o.a.j.r.p.AbstractSampleConsumer: class org.apache.jmeter.report.processor.FilterConsumer#stopProducing(): nameFilter produced 30 samples
2026-09-02 15:06:49,183 INFO o.a.j.r.p.AbstractSampleConsumer: class org.apache.jmeter.report.processor.FilterConsumer#stopProducing(): dateRangeFilter produced 6 samples
2026-09-02 15:06:49,183 INFO o.a.j.r.p.AbstractSampleConsumer: class org.apache.jmeter.report.processor.NormalizerSampleConsumer#stopProducing(): normalizer produced 2 samples
2026-09-02 15:06:49,184 INFO o.a.j.r.p.CsvFileSampleSource: produce(): 2 samples produced in 66ms on channel 0
2026-09-02 15:06:49,184 INFO o.a.j.r.d.ReportGenerator: Exporting data using exporter:'json' of className:'org.apache.jmeter.report.dashboard.JsonExporter'
2026-09-02 15:06:49,291 INFO o.a.j.r.d.JsonExporter: Found data for consumer statisticsSummary in context
2026-09-02 15:06:49,292 INFO o.a.j.r.d.JsonExporter: Creating statistics for overall
2026-09-02 15:06:49,292 INFO o.a.j.r.d.JsonExporter: Creating statistics for other transactions
2026-09-02 15:06:49,293 INFO o.a.j.r.d.JsonExporter: Checking output folder
2026-09-02 15:06:49,293 INFO o.a.j.r.d.JsonExporter: Writing statistics JSON to /root/flowguides/Jmeter/results/smoke-20260902-150645/report/statistics.json
2026-09-02 15:06:49,355 INFO o.a.j.r.d.ReportGenerator: Exporting data using exporter:'html' of className:'org.apache.jmeter.report.dashboard.HtmlTemplateExporter'
2026-09-02 15:06:49,359 INFO o.a.j.r.d.HtmlTemplateExporter: Will generate dashboard in folder: /root/flowguides/Jmeter/results/smoke-20260902-150645/report
2026-09-02 15:06:49,565 INFO o.a.j.r.d.HtmlTemplateExporter: Report will be generated in: /root/flowguides/Jmeter/results/smoke-20260902-150645/report, creating folder structure
2026-09-02 15:06:49,568 INFO o.a.j.r.d.TemplateVisitor: Copying folder from '/opt/apache-jmeter-5.6.3/bin/report-template' to '/root/flowguides/Jmeter/results/smoke-20260902-150645/report', got message: /root/flowguides/Jmeter/results/smoke-20260902-150645/report, found non empty folder with following content [/root/flowguides/Jmeter/results/smoke-20260902-150645/report/statistics.json], will be ignored
2026-09-02 15:06:49,858 INFO o.a.j.JMeter: Dashboard generated
