2026-09-02 14:01:27,444 INFO o.a.j.u.JMeterUtils: Setting Locale to en_EN
2026-09-02 14:01:27,508 INFO o.a.j.JMeter: Loading user properties from: /opt/apache-jmeter-5.6.3/bin/user.properties
2026-09-02 14:01:27,510 INFO o.a.j.JMeter: Loading system properties from: /opt/apache-jmeter-5.6.3/bin/system.properties
2026-09-02 14:01:27,528 INFO o.a.j.JMeter: Copyright (c) 1998-2024 The Apache Software Foundation
2026-09-02 14:01:27,528 INFO o.a.j.JMeter: Version 5.6.3
2026-09-02 14:01:27,528 INFO o.a.j.JMeter: java.version=17.0.20
2026-09-02 14:01:27,529 INFO o.a.j.JMeter: java.vm.name=OpenJDK 64-Bit Server VM
2026-09-02 14:01:27,529 INFO o.a.j.JMeter: os.name=Linux
2026-09-02 14:01:27,529 INFO o.a.j.JMeter: os.arch=amd64
2026-09-02 14:01:27,530 INFO o.a.j.JMeter: os.version=7.0.0-1011-aws
2026-09-02 14:01:27,530 INFO o.a.j.JMeter: file.encoding=UTF-8
2026-09-02 14:01:27,530 INFO o.a.j.JMeter: java.awt.headless=null
2026-09-02 14:01:27,530 INFO o.a.j.JMeter: Max memory     =1073741824
2026-09-02 14:01:27,530 INFO o.a.j.JMeter: Available Processors =2
2026-09-02 14:01:27,554 INFO o.a.j.JMeter: Default Locale=English (EN)
2026-09-02 14:01:27,555 INFO o.a.j.JMeter: JMeter  Locale=English (EN)
2026-09-02 14:01:27,555 INFO o.a.j.JMeter: JMeterHome=/opt/apache-jmeter-5.6.3
2026-09-02 14:01:27,555 INFO o.a.j.JMeter: user.dir  =/root/flowguides
2026-09-02 14:01:27,555 INFO o.a.j.JMeter: PWD       =/root/flowguides
2026-09-02 14:01:27,558 INFO o.a.j.JMeter: IP: 172.31.14.98 Name: ip-172-31-14-98 FullName: ip-172-31-14-98.ap-east-1.compute.internal
