#
# There is insufficient memory for the Java Runtime Environment to continue.
# Native memory allocation (mmap) failed to map 12884901888 bytes. Error detail: committing reserved memory.
# Possible reasons:
#   The system is out of physical RAM or swap space
#   This process is running with CompressedOops enabled, and the Java Heap may be blocking the growth of the native heap
# Possible solutions:
#   Reduce memory load on the system
#   Increase physical memory or swap space
#   Check if swap backing store is full
#   Decrease Java heap size (-Xmx/-Xms)
#   Decrease number of Java threads
#   Decrease Java thread stack sizes (-Xss)
#   Set larger code cache with -XX:ReservedCodeCacheSize=
#   JVM is running with Zero Based Compressed Oops mode in which the Java heap is
#     placed in the first 32GB address space. The Java Heap base address is the
#     maximum limit for the native heap growth. Please use -XX:HeapBaseMinAddress
#     to set the Java Heap base and to place the Java Heap above 32GB virtual address.
# This output file may be truncated or incomplete.
#
#  Out of Memory Error (os_linux.cpp:2834), pid=3323, tid=3324
#
# JRE version:  (17.0.20+8) (build )
# Java VM: OpenJDK 64-Bit Server VM (17.0.20+8-1-24.04-Ubuntu, mixed mode, sharing, tiered, compressed oops, compressed class ptrs, g1 gc, linux-amd64)
# Core dump will be written. Default location: Determined by the following: "/usr/share/apport/apport -p%p -s%s -c%c -d%d -P%P -u%u -g%g -F%F -- %E" (alternatively, falling back to /root/flowguides/Jmeter/core.3323)
#

---------------  S U M M A R Y ------------

Command Line: --add-opens=java.desktop/sun.awt=ALL-UNNAMED --add-opens=java.desktop/sun.swing=ALL-UNNAMED --add-opens=java.desktop/javax.swing.text.html=ALL-UNNAMED --add-opens=java.desktop/java.awt=ALL-UNNAMED --add-opens=java.desktop/java.awt.font=ALL-UNNAMED --add-opens=java.base/java.lang=ALL-UNNAMED --add-opens=java.base/java.lang.invoke=ALL-UNNAMED --add-opens=java.base/java.lang.reflect=ALL-UNNAMED --add-opens=java.base/java.util=ALL-UNNAMED --add-opens=java.base/java.text=ALL-UNNAMED --add-opens=java.desktop/sun.awt.X11=ALL-UNNAMED --add-opens=java.desktop/sun.awt.shell=ALL-UNNAMED -XX:+HeapDumpOnOutOfMemoryError -Xms1g -Xmx1g -XX:MaxMetaspaceSize=256m -XX:+UseG1GC -XX:MaxGCPauseMillis=100 -XX:G1ReservePercent=20 -Djava.security.egd=file:/dev/urandom -Duser.language=en -Duser.region=EN -Xms12g -Xmx12g -XX:+UseG1GC -XX:MaxGCPauseMillis=100 /opt/jmeter/bin/ApacheJMeter.jar -n -t Fullflow load test V2.1.5.jmx -l results/node-20260907-031948.jtl -j results/node-20260907-031948.log -Jloadtestlink=https://t-landing20240816-smartonehk.queue-it.net?c=smartonehk&e=landing20240816 -Jhittarget=false -Jarrivals=16667 -Jrampup=300 -Jduration=1800 -Jthreads=3000

Host: Intel(R) Xeon(R) Platinum 8375C CPU @ 2.90GHz, 4 cores, 7G, Ubuntu 24.04.4 LTS
Time: Mon Sep  7 03:21:24 2026 UTC elapsed time: 0.002545 seconds (0d 0h 0m 0s)

---------------  T H R E A D  ---------------

Current thread (0x00007d2c98019280):  JavaThread "Unknown thread" [_thread_in_vm, id=3324, stack(0x00007d2c9cb00000,0x00007d2c9cc00000)]

Stack: [0x00007d2c9cb00000,0x00007d2c9cc00000],  sp=0x00007d2c9cbfc4b0,  free space=1009k
Native frames: (J=compiled Java code, j=interpreted, Vv=VM code, C=native code)
V  [libjvm.so+0xf40e45]  VMError::report_and_die(int, char const*, char const*, __va_list_tag*, Thread*, unsigned char*, void*, void*, char const*, int, unsigned long)+0x175
V  [libjvm.so+0xf41991]  VMError::report_and_die(Thread*, char const*, int, unsigned long, VMErrorType, char const*, __va_list_tag*)+0x31
V  [libjvm.so+0x60f920]  report_vm_out_of_memory(char const*, int, unsigned long, VMErrorType, char const*, ...)+0xe0
V  [libjvm.so+0xc40b10]  os::pd_commit_memory_or_exit(char*, unsigned long, unsigned long, bool, char const*)+0xf0
V  [libjvm.so+0xc3a9ef]  os::commit_memory_or_exit(char*, unsigned long, unsigned long, bool, char const*)+0x1f
V  [libjvm.so+0x7419ee]  G1PageBasedVirtualSpace::commit(unsigned long, unsigned long)+0x6e
V  [libjvm.so+0x756114]  G1RegionsLargerThanCommitSizeMapper::commit_regions(unsigned int, unsigned long, WorkGang*)+0x114
V  [libjvm.so+0x7e9dd9]  HeapRegionManager::commit_regions(unsigned int, unsigned long, WorkGang*)+0x89
V  [libjvm.so+0x7ebc3f]  HeapRegionManager::expand(unsigned int, unsigned int, WorkGang*)+0x2f
V  [libjvm.so+0x7ebe55]  HeapRegionManager::expand_by(unsigned int, WorkGang*)+0x75
V  [libjvm.so+0x6f9270]  G1CollectedHeap::expand(unsigned long, WorkGang*, double*)+0xf0
V  [libjvm.so+0x6f9991]  G1CollectedHeap::initialize()+0x6a1
V  [libjvm.so+0xeee1c9]  universe_init()+0xd9
V  [libjvm.so+0x80c26a]  init_globals()+0x3a
V  [libjvm.so+0xec3b71]  Threads::create_vm(JavaVMInitArgs*, bool*)+0x311
V  [libjvm.so+0x8cdfc3]  JNI_CreateJavaVM+0x53
C  [libjli.so+0x3dc3]  JavaMain+0x93
C  [libjli.so+0x815d]  ThreadJavaMain+0xd
C  [libc.so.6+0x9caa4]


---------------  P R O C E S S  ---------------

Threads class SMR info:
_java_thread_list=0x00007d2c9df835a0, length=0, elements={
}

Java Threads: ( => current thread )

Other Threads:
  0x00007d2c98074fc0 GCTaskThread "GC Thread#0" [stack: 0x00007d2c9c0f2000,0x00007d2c9c1f2000] [id=3325]
  0x00007d2c980825c0 ConcurrentGCThread "G1 Main Marker" [stack: 0x00007d2c97f00000,0x00007d2c98000000] [id=3326]
  0x00007d2c98083540 ConcurrentGCThread "G1 Conc#0" [stack: 0x00007d2c64b00000,0x00007d2c64c00000] [id=3327]

[error occurred during error reporting (printing all threads), id 0xb, SIGSEGV (0xb) at pc=0x00007d2c9d312364]

VM state: not at safepoint (not fully initialized)

VM Mutex/Monitor currently owned by a thread:  ([mutex/lock_event])
[0x00007d2c98016d10] Heap_lock - owner thread: 0x00007d2c98019280

Heap address: 0x0000000500000000, size: 12288 MB, Compressed Oops mode: Zero based, Oop shift amount: 3

CDS archive(s) mapped at: [0x0000000000000000-0x0000000000000000-0x0000000000000000), size 0, SharedBaseAddress: 0x0000000800000000, ArchiveRelocationMode: 1.
Narrow klass base: 0x0000000000000000, Narrow klass shift: 0, Narrow klass range: 0x0

GC Precious Log:
<Empty>

Heap:
 garbage-first heap   total 0K, used 0K [0x0000000500000000, 0x0000000800000000)
  region size 8192K, 0 young (0K), 0 survivors (0K)

[error occurred during error reporting (printing heap information), id 0xb, SIGSEGV (0xb) at pc=0x00007d2c9d8ec2be]

GC Heap History (0 events):
No events

Dll operation events (1 events):
Event: 0.001 Loaded shared library /usr/lib/jvm/java-17-openjdk-amd64/lib/libjava.so

Deoptimization events (0 events):
No events

Classes loaded (0 events):
No events

Classes unloaded (0 events):
No events

Classes redefined (0 events):
No events

Internal exceptions (0 events):
No events

VM Operations (0 events):
No events

Memory protections (1 events):
Event: 0.001 Protecting memory [0x00007d2c9cb00000,0x00007d2c9cb04000] with protection modes 0

Nmethod flushes (0 events):
No events

Events (0 events):
No events


Dynamic libraries:
500000000-800000000 ---p 00000000 00:00 0 
57c659341000-57c659342000 r--p 00000000 103:01 296991                    /usr/lib/jvm/java-17-openjdk-amd64/bin/java
57c659342000-57c659343000 r-xp 00001000 103:01 296991                    /usr/lib/jvm/java-17-openjdk-amd64/bin/java
57c659343000-57c659344000 r--p 00002000 103:01 296991                    /usr/lib/jvm/java-17-openjdk-amd64/bin/java
57c659344000-57c659345000 r--p 00002000 103:01 296991                    /usr/lib/jvm/java-17-openjdk-amd64/bin/java
57c659345000-57c659346000 rw-p 00003000 103:01 296991                    /usr/lib/jvm/java-17-openjdk-amd64/bin/java
57c682bb8000-57c682c00000 rw-p 00000000 00:00 0                          [heap]
7d2c56000000-7d2c58021000 rw-p 00000000 00:00 0 
7d2c58021000-7d2c5c000000 ---p 00000000 00:00 0 
7d2c5c000000-7d2c5c021000 rw-p 00000000 00:00 0 
7d2c5c021000-7d2c60000000 ---p 00000000 00:00 0 
7d2c60000000-7d2c60021000 rw-p 00000000 00:00 0 
7d2c60021000-7d2c64000000 ---p 00000000 00:00 0 
7d2c64319000-7d2c64aff000 rw-p 00000000 00:00 0 
7d2c64aff000-7d2c64b00000 ---p 00000000 00:00 0 
7d2c64b00000-7d2c64c00000 rw-p 00000000 00:00 0 
7d2c64c00000-7d2c81400000 ---p 00000000 00:00 0 
7d2c81400000-7d2c81670000 rwxp 00000000 00:00 0 
7d2c81670000-7d2c88937000 ---p 00000000 00:00 0 
7d2c88937000-7d2c88ba7000 rwxp 00000000 00:00 0 
7d2c88ba7000-7d2c88ec8000 ---p 00000000 00:00 0 
7d2c88ec8000-7d2c89138000 rwxp 00000000 00:00 0 
7d2c89138000-7d2c90400000 ---p 00000000 00:00 0 
7d2c90400000-7d2c97eef000 r--s 00000000 103:01 297143                    /usr/lib/jvm/java-17-openjdk-amd64/lib/modules
7d2c97eff000-7d2c97f00000 ---p 00000000 00:00 0 
7d2c97f00000-7d2c98000000 rw-p 00000000 00:00 0 
7d2c98000000-7d2c980bd000 rw-p 00000000 00:00 0 
7d2c980bd000-7d2c9c000000 ---p 00000000 00:00 0 
7d2c9c0f1000-7d2c9c0f2000 ---p 00000000 00:00 0 
7d2c9c0f2000-7d2c9c1f2000 rw-p 00000000 00:00 0 
7d2c9c1f2000-7d2c9c62f000 rw-p 00000000 00:00 0 
7d2c9c62f000-7d2c9c715000 ---p 00000000 00:00 0 
7d2c9c715000-7d2c9c71a000 rw-p 00000000 00:00 0 
7d2c9c71a000-7d2c9c800000 ---p 00000000 00:00 0 
7d2c9c800000-7d2c9c89d000 r--p 00000000 103:01 6595                      /usr/lib/x86_64-linux-gnu/libstdc++.so.6.0.33
7d2c9c89d000-7d2c9c9e5000 r-xp 0009d000 103:01 6595                      /usr/lib/x86_64-linux-gnu/libstdc++.so.6.0.33
7d2c9c9e5000-7d2c9ca6c000 r--p 001e5000 103:01 6595                      /usr/lib/x86_64-linux-gnu/libstdc++.so.6.0.33
7d2c9ca6c000-7d2c9ca77000 r--p 0026b000 103:01 6595                      /usr/lib/x86_64-linux-gnu/libstdc++.so.6.0.33
7d2c9ca77000-7d2c9ca7a000 rw-p 00276000 103:01 6595                      /usr/lib/x86_64-linux-gnu/libstdc++.so.6.0.33
7d2c9ca7a000-7d2c9ca7e000 rw-p 00000000 00:00 0 
7d2c9ca9f000-7d2c9cb00000 rw-p 00000000 00:00 0 
7d2c9cb00000-7d2c9cb04000 ---p 00000000 00:00 0 
7d2c9cb04000-7d2c9cc00000 rw-p 00000000 00:00 0 
7d2c9cc00000-7d2c9ce51000 r--p 00000000 103:01 297149                    /usr/lib/jvm/java-17-openjdk-amd64/lib/server/libjvm.so
7d2c9ce51000-7d2c9dbc4000 r-xp 00251000 103:01 297149                    /usr/lib/jvm/java-17-openjdk-amd64/lib/server/libjvm.so
7d2c9dbc4000-7d2c9de46000 r--p 00fc4000 103:01 297149                    /usr/lib/jvm/java-17-openjdk-amd64/lib/server/libjvm.so
7d2c9de46000-7d2c9defe000 r--p 01245000 103:01 297149                    /usr/lib/jvm/java-17-openjdk-amd64/lib/server/libjvm.so
7d2c9defe000-7d2c9df33000 rw-p 012fd000 103:01 297149                    /usr/lib/jvm/java-17-openjdk-amd64/lib/server/libjvm.so
7d2c9df33000-7d2c9df8d000 rw-p 00000000 00:00 0 
7d2c9df9f000-7d2c9dfa4000 rw-p 00000000 00:00 0 
7d2c9dfa4000-7d2c9dfab000 ---p 00000000 00:00 0 
7d2c9dfab000-7d2c9dfb7000 r--p 00000000 103:01 297121                    /usr/lib/jvm/java-17-openjdk-amd64/lib/libjava.so
7d2c9dfb7000-7d2c9dfc9000 r-xp 0000c000 103:01 297121                    /usr/lib/jvm/java-17-openjdk-amd64/lib/libjava.so
7d2c9dfc9000-7d2c9dfcf000 r--p 0001e000 103:01 297121                    /usr/lib/jvm/java-17-openjdk-amd64/lib/libjava.so
7d2c9dfcf000-7d2c9dfd0000 r--p 00023000 103:01 297121                    /usr/lib/jvm/java-17-openjdk-amd64/lib/libjava.so
7d2c9dfd0000-7d2c9dfd1000 rw-p 00024000 103:01 297121                    /usr/lib/jvm/java-17-openjdk-amd64/lib/libjava.so
7d2c9dfd1000-7d2c9dfd2000 rw-p 00000000 00:00 0 
7d2c9dfd2000-7d2c9dfd6000 r--p 00000000 103:01 6596                      /usr/lib/x86_64-linux-gnu/libgcc_s.so.1
7d2c9dfd6000-7d2c9dffa000 r-xp 00004000 103:01 6596                      /usr/lib/x86_64-linux-gnu/libgcc_s.so.1
7d2c9dffa000-7d2c9dffe000 r--p 00028000 103:01 6596                      /usr/lib/x86_64-linux-gnu/libgcc_s.so.1
7d2c9dffe000-7d2c9dfff000 r--p 0002b000 103:01 6596                      /usr/lib/x86_64-linux-gnu/libgcc_s.so.1
7d2c9dfff000-7d2c9e000000 rw-p 0002c000 103:01 6596                      /usr/lib/x86_64-linux-gnu/libgcc_s.so.1
7d2c9e000000-7d2c9e028000 r--p 00000000 103:01 6601                      /usr/lib/x86_64-linux-gnu/libc.so.6
7d2c9e028000-7d2c9e1b0000 r-xp 00028000 103:01 6601                      /usr/lib/x86_64-linux-gnu/libc.so.6
7d2c9e1b0000-7d2c9e1ff000 r--p 001b0000 103:01 6601                      /usr/lib/x86_64-linux-gnu/libc.so.6
7d2c9e1ff000-7d2c9e203000 r--p 001fe000 103:01 6601                      /usr/lib/x86_64-linux-gnu/libc.so.6
7d2c9e203000-7d2c9e205000 rw-p 00202000 103:01 6601                      /usr/lib/x86_64-linux-gnu/libc.so.6
7d2c9e205000-7d2c9e212000 rw-p 00000000 00:00 0 
7d2c9e21b000-7d2c9e223000 rw-s 00000000 103:01 300561                    /tmp/hsperfdata_root/3323
7d2c9e223000-7d2c9e225000 r--p 00000000 103:01 297124                    /usr/lib/jvm/java-17-openjdk-amd64/lib/libjimage.so
7d2c9e225000-7d2c9e228000 r-xp 00002000 103:01 297124                    /usr/lib/jvm/java-17-openjdk-amd64/lib/libjimage.so
7d2c9e228000-7d2c9e229000 r--p 00005000 103:01 297124                    /usr/lib/jvm/java-17-openjdk-amd64/lib/libjimage.so
7d2c9e229000-7d2c9e22a000 r--p 00006000 103:01 297124                    /usr/lib/jvm/java-17-openjdk-amd64/lib/libjimage.so
7d2c9e22a000-7d2c9e22b000 rw-p 00007000 103:01 297124                    /usr/lib/jvm/java-17-openjdk-amd64/lib/libjimage.so
7d2c9e22b000-7d2c9e23b000 r--p 00000000 103:01 6604                      /usr/lib/x86_64-linux-gnu/libm.so.6
7d2c9e23b000-7d2c9e2ba000 r-xp 00010000 103:01 6604                      /usr/lib/x86_64-linux-gnu/libm.so.6
7d2c9e2ba000-7d2c9e312000 r--p 0008f000 103:01 6604                      /usr/lib/x86_64-linux-gnu/libm.so.6
7d2c9e312000-7d2c9e313000 r--p 000e7000 103:01 6604                      /usr/lib/x86_64-linux-gnu/libm.so.6
7d2c9e313000-7d2c9e314000 rw-p 000e8000 103:01 6604                      /usr/lib/x86_64-linux-gnu/libm.so.6
7d2c9e314000-7d2c9e316000 rw-p 00000000 00:00 0 
7d2c9e316000-7d2c9e318000 r--p 00000000 103:01 297125                    /usr/lib/jvm/java-17-openjdk-amd64/lib/libjli.so
7d2c9e318000-7d2c9e322000 r-xp 00002000 103:01 297125                    /usr/lib/jvm/java-17-openjdk-amd64/lib/libjli.so
7d2c9e322000-7d2c9e325000 r--p 0000c000 103:01 297125                    /usr/lib/jvm/java-17-openjdk-amd64/lib/libjli.so
7d2c9e325000-7d2c9e326000 r--p 0000f000 103:01 297125                    /usr/lib/jvm/java-17-openjdk-amd64/lib/libjli.so
7d2c9e326000-7d2c9e327000 rw-p 00010000 103:01 297125                    /usr/lib/jvm/java-17-openjdk-amd64/lib/libjli.so
7d2c9e327000-7d2c9e329000 r--p 00000000 103:01 5154                      /usr/lib/x86_64-linux-gnu/libz.so.1.3
7d2c9e329000-7d2c9e33b000 r-xp 00002000 103:01 5154                      /usr/lib/x86_64-linux-gnu/libz.so.1.3
7d2c9e33b000-7d2c9e341000 r--p 00014000 103:01 5154                      /usr/lib/x86_64-linux-gnu/libz.so.1.3
7d2c9e341000-7d2c9e342000 r--p 0001a000 103:01 5154                      /usr/lib/x86_64-linux-gnu/libz.so.1.3
7d2c9e342000-7d2c9e343000 rw-p 0001b000 103:01 5154                      /usr/lib/x86_64-linux-gnu/libz.so.1.3
7d2c9e346000-7d2c9e347000 ---p 00000000 00:00 0 
7d2c9e347000-7d2c9e348000 r--p 00000000 00:00 0 
7d2c9e348000-7d2c9e349000 ---p 00000000 00:00 0 
7d2c9e349000-7d2c9e34b000 rw-p 00000000 00:00 0 
7d2c9e34b000-7d2c9e34f000 r--p 00000000 00:00 0                          [vvar]
7d2c9e34f000-7d2c9e351000 r--p 00000000 00:00 0                          [vvar_vclock]
7d2c9e351000-7d2c9e353000 r-xp 00000000 00:00 0                          [vdso]
7d2c9e353000-7d2c9e354000 r--p 00000000 103:01 6598                      /usr/lib/x86_64-linux-gnu/ld-linux-x86-64.so.2
7d2c9e354000-7d2c9e37f000 r-xp 00001000 103:01 6598                      /usr/lib/x86_64-linux-gnu/ld-linux-x86-64.so.2
7d2c9e37f000-7d2c9e389000 r--p 0002c000 103:01 6598                      /usr/lib/x86_64-linux-gnu/ld-linux-x86-64.so.2
7d2c9e389000-7d2c9e38b000 r--p 00036000 103:01 6598                      /usr/lib/x86_64-linux-gnu/ld-linux-x86-64.so.2
7d2c9e38b000-7d2c9e38d000 rw-p 00038000 103:01 6598                      /usr/lib/x86_64-linux-gnu/ld-linux-x86-64.so.2
7ffc9fb7e000-7ffc9fb9f000 rw-p 00000000 00:00 0                          [stack]
ffffffffff600000-ffffffffff601000 --xp 00000000 00:00 0                  [vsyscall]


VM Arguments:
jvm_args: --add-opens=java.desktop/sun.awt=ALL-UNNAMED --add-opens=java.desktop/sun.swing=ALL-UNNAMED --add-opens=java.desktop/javax.swing.text.html=ALL-UNNAMED --add-opens=java.desktop/java.awt=ALL-UNNAMED --add-opens=java.desktop/java.awt.font=ALL-UNNAMED --add-opens=java.base/java.lang=ALL-UNNAMED --add-opens=java.base/java.lang.invoke=ALL-UNNAMED --add-opens=java.base/java.lang.reflect=ALL-UNNAMED --add-opens=java.base/java.util=ALL-UNNAMED --add-opens=java.base/java.text=ALL-UNNAMED --add-opens=java.desktop/sun.awt.X11=ALL-UNNAMED --add-opens=java.desktop/sun.awt.shell=ALL-UNNAMED -XX:+HeapDumpOnOutOfMemoryError -Xms1g -Xmx1g -XX:MaxMetaspaceSize=256m -XX:+UseG1GC -XX:MaxGCPauseMillis=100 -XX:G1ReservePercent=20 -Djava.security.egd=file:/dev/urandom -Duser.language=en -Duser.region=EN -Xms12g -Xmx12g -XX:+UseG1GC -XX:MaxGCPauseMillis=100 
java_command: /opt/jmeter/bin/ApacheJMeter.jar -n -t Fullflow load test V2.1.5.jmx -l results/node-20260907-031948.jtl -j results/node-20260907-031948.log -Jloadtestlink=https://t-landing20240816-smartonehk.queue-it.net?c=smartonehk&e=landing20240816 -Jhittarget=false -Jarrivals=16667 -Jrampup=300 -Jduration=1800 -Jthreads=3000
java_class_path (initial): /opt/jmeter/bin/ApacheJMeter.jar
Launcher Type: SUN_STANDARD

[Global flags]
     intx CICompilerCount                          = 3                                         {product} {ergonomic}
   size_t CompressedClassSpaceSize                 = 218103808                                 {product} {ergonomic}
     uint ConcGCThreads                            = 1                                         {product} {ergonomic}
     uint G1ConcRefinementThreads                  = 4                                         {product} {ergonomic}
   size_t G1HeapRegionSize                         = 8388608                                   {product} {ergonomic}
    uintx G1ReservePercent                         = 20                                        {product} {command line}
    uintx GCDrainStackTargetSize                   = 64                                        {product} {ergonomic}
     bool HeapDumpOnOutOfMemoryError               = true                                   {manageable} {command line}
   size_t InitialHeapSize                          = 12884901888                               {product} {command line}
   size_t MarkStackSize                            = 4194304                                   {product} {ergonomic}
    uintx MaxGCPauseMillis                         = 100                                       {product} {command line}
   size_t MaxHeapSize                              = 12884901888                               {product} {command line}
   size_t MaxMetaspaceSize                         = 268435456                                 {product} {command line}
   size_t MinHeapDeltaBytes                        = 8388608                                   {product} {ergonomic}
   size_t MinHeapSize                              = 12884901888                               {product} {command line}
    uintx NonNMethodCodeHeapSize                   = 5832780                                {pd product} {ergonomic}
    uintx NonProfiledCodeHeapSize                  = 122912730                              {pd product} {ergonomic}
    uintx ProfiledCodeHeapSize                     = 122912730                              {pd product} {ergonomic}
    uintx ReservedCodeCacheSize                    = 251658240                              {pd product} {ergonomic}
     bool SegmentedCodeCache                       = true                                      {product} {ergonomic}
   size_t SoftMaxHeapSize                          = 12884901888                            {manageable} {ergonomic}
     bool UseCompressedClassPointers               = true                           {product lp64_product} {ergonomic}
     bool UseCompressedOops                        = true                           {product lp64_product} {ergonomic}
     bool UseG1GC                                  = true                                      {product} {command line}

Logging:
Log output configuration:
 #0: stdout all=warning uptime,level,tags
 #1: stderr all=off uptime,level,tags

Environment Variables:
PATH=/usr/local/sbin:/usr/local/bin:/usr/sbin:/usr/bin:/sbin:/bin:/snap/bin:/opt/jmeter/bin
SHELL=/bin/bash
LANG=C.UTF-8
TERM=xterm-256color

Active Locale:
LC_ALL=C
LC_COLLATE=C
LC_CTYPE=C
LC_MESSAGES=C
LC_MONETARY=C
LC_NUMERIC=C
LC_TIME=C

Signal Handlers:
   SIGSEGV: crash_handler in libjvm.so, mask=11100100010111111101111111111110, flags=SA_RESTART|SA_SIGINFO, unblocked
    SIGBUS: crash_handler in libjvm.so, mask=11100100010111111101111111111110, flags=SA_RESTART|SA_SIGINFO, unblocked
    SIGFPE: crash_handler in libjvm.so, mask=11100100010111111101111111111110, flags=SA_RESTART|SA_SIGINFO, unblocked
   SIGPIPE: javaSignalHandler in libjvm.so, mask=11100100010111111101111111111110, flags=SA_RESTART|SA_SIGINFO, blocked
   SIGXFSZ: javaSignalHandler in libjvm.so, mask=11100100010111111101111111111110, flags=SA_RESTART|SA_SIGINFO, blocked
    SIGILL: crash_handler in libjvm.so, mask=11100100010111111101111111111110, flags=SA_RESTART|SA_SIGINFO, unblocked
   SIGUSR2: SR_handler in libjvm.so, mask=00000000000000000000000000000000, flags=SA_RESTART|SA_SIGINFO, blocked
    SIGHUP: SIG_DFL, mask=00000000000000000000000000000000, flags=none, blocked
    SIGINT: SIG_DFL, mask=00000000000000000000000000000000, flags=none, blocked
   SIGTERM: SIG_DFL, mask=00000000000000000000000000000000, flags=none, blocked
   SIGQUIT: UserHandler in libjvm.so, mask=11100100010111111101111111111110, flags=SA_RESTART|SA_SIGINFO, blocked
   SIGTRAP: crash_handler in libjvm.so, mask=11100100010111111101111111111110, flags=SA_RESTART|SA_SIGINFO, unblocked


Periodic native trim disabled


---------------  S Y S T E M  ---------------

OS:
DISTRIB_ID=Ubuntu
DISTRIB_RELEASE=24.04
DISTRIB_CODENAME=noble
DISTRIB_DESCRIPTION="Ubuntu 24.04.4 LTS"
uname: Linux 6.17.0-1017-aws #17~24.04.1-Ubuntu SMP Tue May 26 21:30:32 UTC 2026 x86_64
OS uptime: 0 days 0:23 hours
libc: glibc 2.39 NPTL 2.39 
rlimit (soft/hard): STACK 8192k/infinity , CORE 0k/0k , NPROC 30812/30812 , NOFILE 65535/65535 , AS infinity/infinity , CPU infinity/infinity , DATA infinity/infinity , FSIZE infinity/infinity , MEMLOCK 995500k/995500k
load average: 0.00 0.00 0.00

/proc/meminfo:
MemTotal:        7964000 kB
MemFree:         6382268 kB
MemAvailable:    7426592 kB
Buffers:           39572 kB
Cached:          1217236 kB
SwapCached:            0 kB
Active:           329940 kB
Inactive:        1004128 kB
Active(anon):     101536 kB
Inactive(anon):        0 kB
Active(file):     228404 kB
Inactive(file):  1004128 kB
Unevictable:       41916 kB
Mlocked:           25440 kB
SwapTotal:             0 kB
SwapFree:              0 kB
Zswap:                 0 kB
Zswapped:              0 kB
Dirty:              1432 kB
Writeback:             0 kB
AnonPages:        119348 kB
Mapped:           119588 kB
Shmem:              2776 kB
KReclaimable:      63996 kB
Slab:             120208 kB
SReclaimable:      63996 kB
SUnreclaim:        56212 kB
KernelStack:        3076 kB
PageTables:         4180 kB
SecPageTables:         0 kB
NFS_Unstable:          0 kB
Bounce:                0 kB
WritebackTmp:          0 kB
CommitLimit:     3982000 kB
Committed_AS:     791776 kB
VmallocTotal:   34359738367 kB
VmallocUsed:       12596 kB
VmallocChunk:          0 kB
Percpu:             2112 kB
HardwareCorrupted:     0 kB
AnonHugePages:         0 kB
ShmemHugePages:        0 kB
ShmemPmdMapped:        0 kB
FileHugePages:     61440 kB
FilePmdMapped:         0 kB
CmaTotal:              0 kB
CmaFree:               0 kB
Unaccepted:            0 kB
Balloon:               0 kB
HugePages_Total:       0
HugePages_Free:        0
HugePages_Rsvd:        0
HugePages_Surp:        0
Hugepagesize:       2048 kB
Hugetlb:               0 kB
DirectMap4k:       78256 kB
DirectMap2M:     4997120 kB
DirectMap1G:     3145728 kB

/sys/kernel/mm/transparent_hugepage/enabled: always [madvise] never
/sys/kernel/mm/transparent_hugepage/hpage_pmd_size: 2097152
/sys/kernel/mm/transparent_hugepage/defrag (defrag/compaction efforts parameter): always defer defer+madvise [madvise] never

Process Memory:
Virtual Size: 13762184K (peak: 13762184K)
Resident Set Size: 20936K (peak: 20936K) (anon: 6576K, file: 14360K, shmem: 0K)
Swapped out: 0K
C-Heap outstanding allocations: 13525K, retained: 522K
glibc malloc tunables: (default)

/proc/sys/kernel/threads-max (system-wide limit on the number of threads): 61624
/proc/sys/vm/max_map_count (maximum number of memory map areas a process may have): 1048576
/proc/sys/vm/swappiness (control to define how aggressively the kernel swaps out anonymous memory): 60
/proc/sys/kernel/pid_max (system-wide limit on number of process identifiers): 4194304

container (cgroup) information:
container_type: cgroupv2
cpu_cpuset_cpus: not supported
cpu_memory_nodes: not supported
active_processor_count: 4
cpu_quota: no quota
cpu_period: 100000
cpu_shares: no shares
memory_limit_in_bytes: unlimited
memory_and_swap_limit_in_bytes: unlimited
memory_soft_limit_in_bytes: 0
memory_usage_in_bytes: 149064 k
memory_max_usage_in_bytes: not supported
rss_usage_in_bytes: 12520 k
cache_usage_in_bytes: 127744 k
memory_swap_current_in_bytes: 0
memory_swap_max_limit_in_bytes: unlimited
maximum number of tasks: unlimited
current number of tasks: 12

KVM virtualization detected
Steal ticks since vm start: 0
Steal ticks percentage since vm start:  0.000

CPU: total 4 (initial active 4) (2 cores per cpu, 2 threads per core) family 6 model 106 stepping 6 microcode 0xd000433, cx8, cmov, fxsr, ht, mmx, 3dnowpref, sse, sse2, sse3, ssse3, sse4.1, sse4.2, popcnt, lzcnt, tsc, tscinvbit, avx, avx2, aes, erms, clmul, bmi1, bmi2, adx, avx512f, avx512dq, avx512cd, avx512bw, avx512vl, sha, fma, vzeroupper, avx512_vpopcntdq, avx512_vpclmulqdq, avx512_vaes, avx512_vnni, clflush, clflushopt, clwb, avx512_vbmi2, avx512_vbmi, hv
CPU Model and flags from /proc/cpuinfo:
model name	: Intel(R) Xeon(R) Platinum 8375C CPU @ 2.90GHz
flags		: fpu vme de pse tsc msr pae mce cx8 apic sep mtrr pge mca cmov pat pse36 clflush mmx fxsr sse sse2 ss ht syscall nx pdpe1gb rdtscp lm constant_tsc rep_good nopl xtopology nonstop_tsc cpuid aperfmperf tsc_known_freq pni pclmulqdq ssse3 fma cx16 pcid sse4_1 sse4_2 x2apic movbe popcnt tsc_deadline_timer aes xsave avx f16c rdrand hypervisor lahf_lm abm 3dnowprefetch cpuid_fault ssbd ibrs ibpb stibp ibrs_enhanced fsgsbase tsc_adjust bmi1 avx2 smep bmi2 erms invpcid avx512f avx512dq rdseed adx smap avx512ifma clflushopt clwb avx512cd sha_ni avx512bw avx512vl xsaveopt xsavec xgetbv1 xsaves wbnoinvd ida arat avx512vbmi pku ospke avx512_vbmi2 gfni vaes vpclmulqdq avx512_vnni avx512_bitalg tme avx512_vpopcntdq rdpid md_clear flush_l1d arch_capabilities

Online cpus: 0-3
Offline cpus: 
BIOS frequency limitation: <Not Available>
Frequency switch latency (ns): <Not Available>
Available cpu frequencies: <Not Available>
Current governor: <Not Available>
Core performance/turbo boost: <Not Available>

Memory: 4k page, physical 7964000k(6382268k free), swap 0k(0k free)
Page Sizes: 4k

vm_info: OpenJDK 64-Bit Server VM (17.0.20+8-1-24.04-Ubuntu) for linux-amd64 JRE (17.0.20+8-1-24.04-Ubuntu), built on Jul 23 2026 14:19:04 by "buildd" with gcc 13.3.0

END.
