2026-09-10 02:47:13,144 INFO o.a.j.u.JMeterUtils: Setting Locale to en_EN
2026-09-10 02:47:13,158 INFO o.a.j.JMeter: Loading user properties from: /opt/apache-jmeter-5.6.3/bin/user.properties
2026-09-10 02:47:13,159 INFO o.a.j.JMeter: Loading system properties from: /opt/apache-jmeter-5.6.3/bin/system.properties
2026-09-10 02:47:13,159 INFO o.a.j.JMeter: Setting JMeter property: loadtestlink=https://t-landing20240816-smartonehk.queue-it.net?c=smartonehk&e=landing20240816
2026-09-10 02:47:13,159 INFO o.a.j.JMeter: Setting JMeter property: hittarget=false
2026-09-10 02:47:13,159 INFO o.a.j.JMeter: Setting JMeter property: threads=10
2026-09-10 02:47:13,159 INFO o.a.j.JMeter: Setting JMeter property: rampup=10
2026-09-10 02:47:13,159 INFO o.a.j.JMeter: Setting JMeter property: loops=1
2026-09-10 02:47:13,165 INFO o.a.j.JMeter: Copyright (c) 1998-2024 The Apache Software Foundation
2026-09-10 02:47:13,165 INFO o.a.j.JMeter: Version 5.6.3
2026-09-10 02:47:13,165 INFO o.a.j.JMeter: java.version=17.0.20
2026-09-10 02:47:13,165 INFO o.a.j.JMeter: java.vm.name=OpenJDK 64-Bit Server VM
2026-09-10 02:47:13,165 INFO o.a.j.JMeter: os.name=Linux
2026-09-10 02:47:13,165 INFO o.a.j.JMeter: os.arch=amd64
2026-09-10 02:47:13,165 INFO o.a.j.JMeter: os.version=6.17.0-1017-aws
2026-09-10 02:47:13,165 INFO o.a.j.JMeter: file.encoding=UTF-8
2026-09-10 02:47:13,166 INFO o.a.j.JMeter: java.awt.headless=true
2026-09-10 02:47:13,166 INFO o.a.j.JMeter: Max memory     =1073741824
2026-09-10 02:47:13,166 INFO o.a.j.JMeter: Available Processors =4
2026-09-10 02:47:13,173 INFO o.a.j.JMeter: Default Locale=English (EN)
2026-09-10 02:47:13,173 INFO o.a.j.JMeter: JMeter  Locale=English (EN)
2026-09-10 02:47:13,174 INFO o.a.j.JMeter: JMeterHome=/opt/apache-jmeter-5.6.3
2026-09-10 02:47:13,174 INFO o.a.j.JMeter: user.dir  =/root/flowguides/Jmeter
2026-09-10 02:47:13,174 INFO o.a.j.JMeter: PWD       =/root/flowguides/Jmeter
2026-09-10 02:47:13,176 INFO o.a.j.JMeter: IP: 172.31.7.219 Name: ip-172-31-7-219 FullName: ip-172-31-7-219.ap-east-1.compute.internal
2026-09-10 02:47:13,186 INFO o.a.j.s.FileServer: Default base='/root/flowguides/Jmeter'
2026-09-10 02:47:13,188 INFO o.a.j.s.FileServer: Set new base='/root/flowguides/Jmeter'
2026-09-10 02:47:13,366 INFO o.a.j.s.SaveService: Testplan (JMX) version: 2.2. Testlog (JTL) version: 2.2
2026-09-10 02:47:13,388 INFO o.a.j.s.SaveService: Using SaveService properties version 5.0
2026-09-10 02:47:13,390 INFO o.a.j.s.SaveService: Using SaveService properties file encoding UTF-8
2026-09-10 02:47:13,394 INFO o.a.j.s.SaveService: Loading file: Fullflow load test V2.1.5.jmx
2026-09-10 02:47:13,443 INFO o.a.j.p.h.c.CookieManager: Settings: Delete null: true Check: true Allow variable: true Save: false Prefix: COOKIE_
2026-09-10 02:47:13,473 INFO o.a.j.p.h.s.HTTPSamplerBase: Parser for text/html is org.apache.jmeter.protocol.http.parser.LagartoBasedHtmlParser
2026-09-10 02:47:13,473 INFO o.a.j.p.h.s.HTTPSamplerBase: Parser for application/xhtml+xml is org.apache.jmeter.protocol.http.parser.LagartoBasedHtmlParser
2026-09-10 02:47:13,473 INFO o.a.j.p.h.s.HTTPSamplerBase: Parser for application/xml is org.apache.jmeter.protocol.http.parser.LagartoBasedHtmlParser
2026-09-10 02:47:13,473 INFO o.a.j.p.h.s.HTTPSamplerBase: Parser for text/xml is org.apache.jmeter.protocol.http.parser.LagartoBasedHtmlParser
2026-09-10 02:47:13,473 INFO o.a.j.p.h.s.HTTPSamplerBase: Parser for text/vnd.wap.wml is org.apache.jmeter.protocol.http.parser.RegexpHTMLParser
2026-09-10 02:47:13,473 INFO o.a.j.p.h.s.HTTPSamplerBase: Parser for text/css is org.apache.jmeter.protocol.http.parser.CssParser
2026-09-10 02:47:13,525 INFO o.a.j.JMeter: Creating summariser <summary>
2026-09-10 02:47:13,535 INFO o.a.j.e.StandardJMeterEngine: Running the test!
2026-09-10 02:47:13,536 INFO o.a.j.s.SampleEvent: List of sample_variables: []
2026-09-10 02:47:13,536 INFO o.a.j.s.SampleEvent: List of sample_variables: []
2026-09-10 02:47:13,540 INFO o.a.j.e.u.CompoundVariable: Note: Function class names must contain the string: '.functions.'
2026-09-10 02:47:13,540 INFO o.a.j.e.u.CompoundVariable: Note: Function class names must not contain the string: '.gui.'
2026-09-10 02:47:13,570 INFO o.a.j.r.ClassFinder: Will scan jar /opt/apache-jmeter-5.6.3/lib/ext/jmeter-plugins-cmn-jmeter-0.6.jar with filter ExtendsClassFilter [parents=[interface org.apache.jmeter.functions.Function], inner=false, contains=null, notContains=null]. Consider exposing JMeter plugins via META-INF/services, and add JMeter-Skip-Class-Scanning=true manifest attribute so JMeter can skip classfile scanning
2026-09-10 02:47:13,589 INFO o.a.j.r.ClassFinder: Will scan jar /opt/apache-jmeter-5.6.3/lib/ext/jmeter-plugins-casutg-2.10.jar with filter ExtendsClassFilter [parents=[interface org.apache.jmeter.functions.Function], inner=false, contains=null, notContains=null]. Consider exposing JMeter plugins via META-INF/services, and add JMeter-Skip-Class-Scanning=true manifest attribute so JMeter can skip classfile scanning
2026-09-10 02:47:13,812 INFO o.a.j.JMeter: Running test (1789008433812)
2026-09-10 02:47:13,833 INFO o.a.j.e.StandardJMeterEngine: Starting ThreadGroup: 1 : Normal Flow Group
2026-09-10 02:47:13,833 INFO o.a.j.e.StandardJMeterEngine: Starting 10 threads for group Normal Flow Group.
2026-09-10 02:47:13,833 INFO o.a.j.e.StandardJMeterEngine: Thread will continue on error
2026-09-10 02:47:13,834 INFO o.a.j.t.ThreadGroup: Starting thread group... number=1 threads=10 ramp-up=10 delayedStart=false
2026-09-10 02:47:13,840 INFO o.a.j.t.JMeterThread: Thread started: Normal Flow Group 1-1
2026-09-10 02:47:13,859 INFO o.a.j.t.ThreadGroup: Started thread group number 1
2026-09-10 02:47:13,860 INFO o.a.j.e.StandardJMeterEngine: All thread groups have been started
2026-09-10 02:47:14,536 INFO o.a.j.p.h.s.HTTPHCAbstractImpl: Local host = ip-172-31-7-219
2026-09-10 02:47:14,539 INFO o.a.j.p.h.s.HTTPHC4Impl: HTTP request retry count = 0
2026-09-10 02:47:14,540 INFO o.a.j.s.SampleResult: Note: Sample TimeStamps are START times
2026-09-10 02:47:14,540 INFO o.a.j.s.SampleResult: sampleresult.default.encoding is set to UTF-8
2026-09-10 02:47:14,541 INFO o.a.j.s.SampleResult: sampleresult.useNanoTime=true
2026-09-10 02:47:14,541 INFO o.a.j.s.SampleResult: sampleresult.nanoThreadSleep=5000
2026-09-10 02:47:14,585 INFO o.a.j.p.h.s.h.LazyLayeredConnectionSocketFactory: Setting up HTTPS TrustAll Socket Factory
2026-09-10 02:47:14,589 INFO o.a.j.u.JsseSSLManager: Using default SSL protocol: TLS
2026-09-10 02:47:14,589 INFO o.a.j.u.JsseSSLManager: SSL session context: per-thread
2026-09-10 02:47:14,841 INFO o.a.j.t.JMeterThread: Thread started: Normal Flow Group 1-2
2026-09-10 02:47:14,876 INFO o.a.j.u.SSLManager: JmeterKeyStore Location:  type JKS
2026-09-10 02:47:14,879 INFO o.a.j.u.SSLManager: KeyStore created OK
2026-09-10 02:47:14,879 WARN o.a.j.u.SSLManager: Keystore file not found, loading empty keystore
2026-09-10 02:47:15,581 INFO o.a.j.s.TestAction: Stopping current thread from element Stop Test
2026-09-10 02:47:15,581 INFO o.a.j.t.JMeterThread: Stopping: Normal Flow Group 1-1
2026-09-10 02:47:15,581 INFO o.a.j.t.JMeterThread: Thread finished: Normal Flow Group 1-1
2026-09-10 02:47:15,623 INFO o.a.j.s.TestAction: Stopping current thread from element Stop Test
2026-09-10 02:47:15,623 INFO o.a.j.t.JMeterThread: Stopping: Normal Flow Group 1-2
2026-09-10 02:47:15,623 INFO o.a.j.t.JMeterThread: Thread finished: Normal Flow Group 1-2
2026-09-10 02:47:15,841 INFO o.a.j.t.JMeterThread: Thread started: Normal Flow Group 1-3
2026-09-10 02:47:16,622 INFO o.a.j.s.TestAction: Stopping current thread from element Stop Test
2026-09-10 02:47:16,622 INFO o.a.j.t.JMeterThread: Stopping: Normal Flow Group 1-3
2026-09-10 02:47:16,622 INFO o.a.j.t.JMeterThread: Thread finished: Normal Flow Group 1-3
2026-09-10 02:47:16,839 INFO o.a.j.t.JMeterThread: Thread started: Normal Flow Group 1-4
2026-09-10 02:47:17,614 INFO o.a.j.s.TestAction: Stopping current thread from element Stop Test
2026-09-10 02:47:17,614 INFO o.a.j.t.JMeterThread: Stopping: Normal Flow Group 1-4
2026-09-10 02:47:17,615 INFO o.a.j.t.JMeterThread: Thread finished: Normal Flow Group 1-4
2026-09-10 02:47:17,839 INFO o.a.j.t.JMeterThread: Thread started: Normal Flow Group 1-5
2026-09-10 02:47:18,611 INFO o.a.j.s.TestAction: Stopping current thread from element Stop Test
2026-09-10 02:47:18,611 INFO o.a.j.t.JMeterThread: Stopping: Normal Flow Group 1-5
2026-09-10 02:47:18,611 INFO o.a.j.t.JMeterThread: Thread finished: Normal Flow Group 1-5
2026-09-10 02:47:18,837 INFO o.a.j.t.JMeterThread: Thread started: Normal Flow Group 1-6
2026-09-10 02:47:19,603 INFO o.a.j.s.TestAction: Stopping current thread from element Stop Test
2026-09-10 02:47:19,604 INFO o.a.j.t.JMeterThread: Stopping: Normal Flow Group 1-6
2026-09-10 02:47:19,604 INFO o.a.j.t.JMeterThread: Thread finished: Normal Flow Group 1-6
2026-09-10 02:47:19,839 INFO o.a.j.t.JMeterThread: Thread started: Normal Flow Group 1-7
2026-09-10 02:47:20,619 INFO o.a.j.s.TestAction: Stopping current thread from element Stop Test
2026-09-10 02:47:20,619 INFO o.a.j.t.JMeterThread: Stopping: Normal Flow Group 1-7
2026-09-10 02:47:20,620 INFO o.a.j.t.JMeterThread: Thread finished: Normal Flow Group 1-7
2026-09-10 02:47:20,838 INFO o.a.j.t.JMeterThread: Thread started: Normal Flow Group 1-8
2026-09-10 02:47:21,609 INFO o.a.j.s.TestAction: Stopping current thread from element Stop Test
2026-09-10 02:47:21,609 INFO o.a.j.t.JMeterThread: Stopping: Normal Flow Group 1-8
2026-09-10 02:47:21,609 INFO o.a.j.t.JMeterThread: Thread finished: Normal Flow Group 1-8
2026-09-10 02:47:21,838 INFO o.a.j.t.JMeterThread: Thread started: Normal Flow Group 1-9
2026-09-10 02:47:22,617 INFO o.a.j.s.TestAction: Stopping current thread from element Stop Test
2026-09-10 02:47:22,618 INFO o.a.j.t.JMeterThread: Stopping: Normal Flow Group 1-9
2026-09-10 02:47:22,618 INFO o.a.j.t.JMeterThread: Thread finished: Normal Flow Group 1-9
2026-09-10 02:47:22,837 INFO o.a.j.t.JMeterThread: Thread started: Normal Flow Group 1-10
2026-09-10 02:47:23,607 INFO o.a.j.s.TestAction: Stopping current thread from element Stop Test
2026-09-10 02:47:23,607 INFO o.a.j.t.JMeterThread: Stopping: Normal Flow Group 1-10
2026-09-10 02:47:23,608 INFO o.a.j.t.JMeterThread: Thread finished: Normal Flow Group 1-10
2026-09-10 02:47:23,608 INFO o.a.j.e.StandardJMeterEngine: Notifying test listeners of end of test
2026-09-10 02:47:23,611 INFO o.a.j.r.Summariser: summary =     20 in 00:00:10 =    2.0/s Avg:   392 Min:     0 Max:   927 Err:     0 (0.00%)
