2026-09-02 15:26:45,343 INFO o.a.j.u.JMeterUtils: Setting Locale to en_EN
2026-09-02 15:26:45,370 INFO o.a.j.JMeter: Loading user properties from: /opt/apache-jmeter-5.6.3/bin/user.properties
2026-09-02 15:26:45,370 INFO o.a.j.JMeter: Loading system properties from: /opt/apache-jmeter-5.6.3/bin/system.properties
2026-09-02 15:26:45,370 INFO o.a.j.JMeter: Setting JMeter property: host=order.smartone.com
2026-09-02 15:26:45,371 INFO o.a.j.JMeter: Setting JMeter property: port=443
2026-09-02 15:26:45,371 INFO o.a.j.JMeter: Setting JMeter property: protocol=https
2026-09-02 15:26:45,371 INFO o.a.j.JMeter: Setting JMeter property: path=/jsp/smartpass/tchinese/customer.jsp
2026-09-02 15:26:45,371 INFO o.a.j.JMeter: Setting JMeter property: threads=1
2026-09-02 15:26:45,371 INFO o.a.j.JMeter: Setting JMeter property: rpm=60
2026-09-02 15:26:45,371 INFO o.a.j.JMeter: Setting JMeter property: rampup=6
2026-09-02 15:26:45,371 INFO o.a.j.JMeter: Setting JMeter property: duration=30
2026-09-02 15:26:45,371 INFO o.a.j.JMeter: Setting JMeter property: loops=2
2026-09-02 15:26:45,371 INFO o.a.j.JMeter: Setting JMeter property: expectcode=30[12]
2026-09-02 15:26:45,371 INFO o.a.j.JMeter: Setting JMeter property: expectlocation=queue-it.net
2026-09-02 15:26:45,372 INFO o.a.j.JMeter: Setting JMeter property: jmeter.save.saveservice.output_format=csv
2026-09-02 15:26:45,372 INFO o.a.j.JMeter: Setting JMeter property: jmeter.save.saveservice.response_data=false
2026-09-02 15:26:45,372 INFO o.a.j.JMeter: Setting JMeter property: jmeter.save.saveservice.samplerData=false
2026-09-02 15:26:45,380 INFO o.a.j.JMeter: Copyright (c) 1998-2024 The Apache Software Foundation
2026-09-02 15:26:45,381 INFO o.a.j.JMeter: Version 5.6.3
2026-09-02 15:26:45,381 INFO o.a.j.JMeter: java.version=17.0.20
2026-09-02 15:26:45,381 INFO o.a.j.JMeter: java.vm.name=OpenJDK 64-Bit Server VM
2026-09-02 15:26:45,381 INFO o.a.j.JMeter: os.name=Linux
2026-09-02 15:26:45,381 INFO o.a.j.JMeter: os.arch=amd64
2026-09-02 15:26:45,381 INFO o.a.j.JMeter: os.version=7.0.0-1011-aws
2026-09-02 15:26:45,381 INFO o.a.j.JMeter: file.encoding=UTF-8
2026-09-02 15:26:45,381 INFO o.a.j.JMeter: java.awt.headless=true
2026-09-02 15:26:45,382 INFO o.a.j.JMeter: Max memory     =536870912
2026-09-02 15:26:45,382 INFO o.a.j.JMeter: Available Processors =2
2026-09-02 15:26:45,394 INFO o.a.j.JMeter: Default Locale=English (EN)
2026-09-02 15:26:45,395 INFO o.a.j.JMeter: JMeter  Locale=English (EN)
2026-09-02 15:26:45,395 INFO o.a.j.JMeter: JMeterHome=/opt/apache-jmeter-5.6.3
2026-09-02 15:26:45,395 INFO o.a.j.JMeter: user.dir  =/root/flowguides/Jmeter
2026-09-02 15:26:45,395 INFO o.a.j.JMeter: PWD       =/root/flowguides/Jmeter
2026-09-02 15:26:45,399 INFO o.a.j.JMeter: IP: 172.31.14.98 Name: ip-172-31-14-98 FullName: ip-172-31-14-98.ap-east-1.compute.internal
2026-09-02 15:26:45,417 INFO o.a.j.JMeter: Setting property 'jmeter.reportgenerator.outputdir' to:'/root/flowguides/Jmeter/results/smoke-20260902-152643/report'
2026-09-02 15:26:45,424 INFO o.a.j.s.FileServer: Default base='/root/flowguides/Jmeter'
2026-09-02 15:26:45,428 INFO o.a.j.s.FileServer: Set new base='/root/flowguides/Jmeter'
2026-09-02 15:26:45,782 INFO o.a.j.s.SaveService: Testplan (JMX) version: 2.2. Testlog (JTL) version: 2.2
2026-09-02 15:26:45,875 INFO o.a.j.s.SaveService: Using SaveService properties version 5.0
2026-09-02 15:26:45,880 INFO o.a.j.s.SaveService: Using SaveService properties file encoding UTF-8
2026-09-02 15:26:45,886 INFO o.a.j.s.SaveService: Loading file: queue-load.jmx
2026-09-02 15:26:45,954 INFO o.a.j.p.h.c.CookieManager: Settings: Delete null: true Check: true Allow variable: true Save: false Prefix: COOKIE_
2026-09-02 15:26:46,009 INFO o.a.j.p.h.s.HTTPSamplerBase: Parser for text/html is org.apache.jmeter.protocol.http.parser.LagartoBasedHtmlParser
2026-09-02 15:26:46,009 INFO o.a.j.p.h.s.HTTPSamplerBase: Parser for application/xhtml+xml is org.apache.jmeter.protocol.http.parser.LagartoBasedHtmlParser
2026-09-02 15:26:46,009 INFO o.a.j.p.h.s.HTTPSamplerBase: Parser for application/xml is org.apache.jmeter.protocol.http.parser.LagartoBasedHtmlParser
2026-09-02 15:26:46,009 INFO o.a.j.p.h.s.HTTPSamplerBase: Parser for text/xml is org.apache.jmeter.protocol.http.parser.LagartoBasedHtmlParser
2026-09-02 15:26:46,009 INFO o.a.j.p.h.s.HTTPSamplerBase: Parser for text/vnd.wap.wml is org.apache.jmeter.protocol.http.parser.RegexpHTMLParser
2026-09-02 15:26:46,009 INFO o.a.j.p.h.s.HTTPSamplerBase: Parser for text/css is org.apache.jmeter.protocol.http.parser.CssParser
2026-09-02 15:26:46,028 INFO o.a.j.JMeter: Creating summariser <summary>
2026-09-02 15:26:46,045 INFO o.a.j.r.d.ReportGenerator: ReportGenerator will use for Parsing the separator: ','
2026-09-02 15:26:46,045 INFO o.a.j.r.d.ReportGenerator: Will generate report at end of test from  results file: results/smoke-20260902-152643/results.jtl
2026-09-02 15:26:46,046 INFO o.a.j.r.d.ReportGenerator: Reading report generator properties from: /opt/apache-jmeter-5.6.3/bin/reportgenerator.properties
2026-09-02 15:26:46,046 INFO o.a.j.r.d.ReportGenerator: Merging with JMeter properties
2026-09-02 15:26:46,052 INFO o.a.j.r.c.ReportGeneratorConfiguration: Property 'jmeter.reportgenerator.temp_dir' not found, using default value 'temp' instead.
2026-09-02 15:26:46,056 INFO o.a.j.r.c.ReportGeneratorConfiguration: Property 'jmeter.reportgenerator.apdex_per_transaction' not found, using default value 'null' instead.
2026-09-02 15:26:46,056 INFO o.a.j.r.c.ReportGeneratorConfiguration: apdex_per_transaction is empty, not APDEX per transaction customization
2026-09-02 15:26:46,056 INFO o.a.j.r.c.ReportGeneratorConfiguration: Property 'jmeter.reportgenerator.sample_filter' not found, using default value 'null' instead.
2026-09-02 15:26:46,057 INFO o.a.j.r.c.ReportGeneratorConfiguration: Property 'jmeter.reportgenerator.report_title' not found, using default value 'null' instead.
2026-09-02 15:26:46,057 INFO o.a.j.r.c.ReportGeneratorConfiguration: Property 'jmeter.reportgenerator.start_date' not found, using default value 'null' instead.
2026-09-02 15:26:46,057 INFO o.a.j.r.c.ReportGeneratorConfiguration: Property 'jmeter.reportgenerator.end_date' not found, using default value 'null' instead.
2026-09-02 15:26:46,057 INFO o.a.j.r.c.ReportGeneratorConfiguration: Property 'jmeter.reportgenerator.date_format' not found, using default value 'null' instead.
2026-09-02 15:26:46,057 INFO o.a.j.r.c.ReportGeneratorConfiguration: Will use date range start date: null, end date: null
2026-09-02 15:26:46,062 INFO o.a.j.r.c.ReportGeneratorConfiguration: Property 'jmeter.reportgenerator.graph.totalTPS.exclude_controllers' not found, using default value 'false' instead.
2026-09-02 15:26:46,063 INFO o.a.j.r.c.ReportGeneratorConfiguration: Property 'jmeter.reportgenerator.graph.activeThreadsOverTime.exclude_controllers' not found, using default value 'false' instead.
2026-09-02 15:26:46,063 INFO o.a.j.r.c.ReportGeneratorConfiguration: Property 'jmeter.reportgenerator.graph.timeVsThreads.exclude_controllers' not found, using default value 'false' instead.
2026-09-02 15:26:46,063 INFO o.a.j.r.c.ReportGeneratorConfiguration: Property 'jmeter.reportgenerator.graph.responseTimeDistribution.exclude_controllers' not found, using default value 'false' instead.
2026-09-02 15:26:46,063 INFO o.a.j.r.c.ReportGeneratorConfiguration: Property 'jmeter.reportgenerator.graph.transactionsPerSecond.exclude_controllers' not found, using default value 'false' instead.
2026-09-02 15:26:46,064 INFO o.a.j.r.c.ReportGeneratorConfiguration: Property 'jmeter.reportgenerator.graph.responseTimePercentiles.exclude_controllers' not found, using default value 'false' instead.
2026-09-02 15:26:46,064 INFO o.a.j.r.c.ReportGeneratorConfiguration: Property 'jmeter.reportgenerator.graph.responseTimePercentilesOverTime.exclude_controllers' not found, using default value 'false' instead.
2026-09-02 15:26:46,064 INFO o.a.j.r.c.ReportGeneratorConfiguration: Property 'jmeter.reportgenerator.graph.responseTimesOverTime.exclude_controllers' not found, using default value 'false' instead.
2026-09-02 15:26:46,064 INFO o.a.j.r.c.ReportGeneratorConfiguration: Property 'jmeter.reportgenerator.graph.connectTimeOverTime.exclude_controllers' not found, using default value 'false' instead.
2026-09-02 15:26:46,065 INFO o.a.j.r.c.ReportGeneratorConfiguration: Property 'jmeter.reportgenerator.graph.latenciesOverTime.exclude_controllers' not found, using default value 'false' instead.
2026-09-02 15:26:46,066 INFO o.a.j.r.c.ReportGeneratorConfiguration: Property 'jmeter.reportgenerator.exporter.json.filters_only_sample_series' not found, using default value 'true' instead.
2026-09-02 15:26:46,066 INFO o.a.j.r.c.ReportGeneratorConfiguration: Property 'jmeter.reportgenerator.exporter.json.series_filter' not found, using default value '' instead.
2026-09-02 15:26:46,066 INFO o.a.j.r.c.ReportGeneratorConfiguration: Property 'jmeter.reportgenerator.exporter.json.show_controllers_only' not found, using default value 'false' instead.
2026-09-02 15:26:46,066 INFO o.a.j.r.c.ReportGeneratorConfiguration: Property 'jmeter.reportgenerator.exporter.html.filters_only_sample_series' not found, using default value 'true' instead.
2026-09-02 15:26:46,067 INFO o.a.j.r.c.ReportGeneratorConfiguration: Property 'jmeter.reportgenerator.exporter.html.series_filter' not found, using default value '' instead.
2026-09-02 15:26:46,067 INFO o.a.j.r.c.ReportGeneratorConfiguration: Property 'jmeter.reportgenerator.exporter.html.show_controllers_only' not found, using default value 'false' instead.
2026-09-02 15:26:46,084 INFO o.a.j.e.StandardJMeterEngine: Running the test!
2026-09-02 15:26:46,085 INFO o.a.j.s.SampleEvent: List of sample_variables: []
2026-09-02 15:26:46,085 INFO o.a.j.s.SampleEvent: List of sample_variables: []
2026-09-02 15:26:46,098 INFO o.a.j.e.u.CompoundVariable: Note: Function class names must contain the string: '.functions.'
2026-09-02 15:26:46,098 INFO o.a.j.e.u.CompoundVariable: Note: Function class names must not contain the string: '.gui.'
2026-09-02 15:26:46,191 INFO o.a.j.r.ClassFinder: Will scan jar /opt/apache-jmeter-5.6.3/lib/ext/jmeter-plugins-manager-1.10.jar with filter ExtendsClassFilter [parents=[interface org.apache.jmeter.functions.Function], inner=false, contains=null, notContains=null]. Consider exposing JMeter plugins via META-INF/services, and add JMeter-Skip-Class-Scanning=true manifest attribute so JMeter can skip classfile scanning
2026-09-02 15:26:46,469 INFO o.a.j.JMeter: Running test (1788362806469)
2026-09-02 15:26:46,521 INFO o.a.j.e.StandardJMeterEngine: Starting ThreadGroup: 1 : Visitor Thread Group
2026-09-02 15:26:46,521 INFO o.a.j.e.StandardJMeterEngine: Starting 1 threads for group Visitor Thread Group.
2026-09-02 15:26:46,521 INFO o.a.j.e.StandardJMeterEngine: Thread will continue on error
2026-09-02 15:26:46,522 INFO o.a.j.t.ThreadGroup: Starting thread group... number=1 threads=1 ramp-up=6 delayedStart=false
2026-09-02 15:26:46,533 INFO o.a.j.t.ThreadGroup: Started thread group number 1
2026-09-02 15:26:46,534 INFO o.a.j.e.StandardJMeterEngine: All thread groups have been started
2026-09-02 15:26:46,538 INFO o.a.j.t.JMeterThread: Thread started: Visitor Thread Group 1-1
2026-09-02 15:26:46,633 INFO o.a.j.p.h.s.HTTPHCAbstractImpl: Local host = ip-172-31-14-98
2026-09-02 15:26:46,645 INFO o.a.j.p.h.s.HTTPHC4Impl: HTTP request retry count = 0
2026-09-02 15:26:46,648 INFO o.a.j.s.SampleResult: Note: Sample TimeStamps are START times
2026-09-02 15:26:46,650 INFO o.a.j.s.SampleResult: sampleresult.default.encoding is set to UTF-8
2026-09-02 15:26:46,650 INFO o.a.j.s.SampleResult: sampleresult.useNanoTime=true
2026-09-02 15:26:46,650 INFO o.a.j.s.SampleResult: sampleresult.nanoThreadSleep=5000
2026-09-02 15:26:46,753 INFO o.a.j.p.h.s.h.LazyLayeredConnectionSocketFactory: Setting up HTTPS TrustAll Socket Factory
2026-09-02 15:26:46,762 INFO o.a.j.u.JsseSSLManager: Using default SSL protocol: TLS
2026-09-02 15:26:46,762 INFO o.a.j.u.JsseSSLManager: SSL session context: per-thread
2026-09-02 15:26:46,867 INFO o.a.j.u.SSLManager: JmeterKeyStore Location:  type JKS
2026-09-02 15:26:46,872 INFO o.a.j.u.SSLManager: KeyStore created OK
2026-09-02 15:26:46,872 WARN o.a.j.u.SSLManager: Keystore file not found, loading empty keystore
2026-09-02 15:26:47,669 INFO o.a.j.t.JMeterThread: Thread is done: Visitor Thread Group 1-1
2026-09-02 15:26:47,669 INFO o.a.j.t.JMeterThread: Thread finished: Visitor Thread Group 1-1
2026-09-02 15:26:47,670 INFO o.a.j.e.StandardJMeterEngine: Notifying test listeners of end of test
2026-09-02 15:26:47,672 INFO o.a.j.r.Summariser: summary =      2 in 00:00:01 =    1.7/s Avg:   231 Min:    62 Max:   400 Err:     2 (100.00%)
2026-09-02 15:26:47,672 INFO o.a.j.JMeter: Generating Dashboard
2026-09-02 15:26:47,672 INFO o.a.j.r.d.ReportGenerator: Flushing result collector before report Generation
2026-09-02 15:26:47,687 INFO o.a.j.r.p.NormalizerSampleConsumer: Using format, 'ms', to parse timeStamp field
2026-09-02 15:26:47,760 INFO o.a.j.r.p.AbstractSampleConsumer: class org.apache.jmeter.report.processor.AggregateConsumer#stopProducing(): beginDate produced 0 samples
2026-09-02 15:26:47,760 INFO o.a.j.r.p.AbstractSampleConsumer: class org.apache.jmeter.report.processor.AggregateConsumer#stopProducing(): endDate produced 0 samples
2026-09-02 15:26:47,763 INFO o.a.j.r.p.AbstractSampleConsumer: class org.apache.jmeter.report.processor.ApdexSummaryConsumer#stopProducing(): apdexSummary produced 0 samples
2026-09-02 15:26:47,763 INFO o.a.j.r.p.AbstractSampleConsumer: class org.apache.jmeter.report.processor.RequestsSummaryConsumer#stopProducing(): requestsSummary produced 0 samples
2026-09-02 15:26:47,772 INFO o.a.j.r.p.AbstractSampleConsumer: class org.apache.jmeter.report.processor.StatisticsSummaryConsumer#stopProducing(): statisticsSummary produced 0 samples
2026-09-02 15:26:47,775 INFO o.a.j.r.p.AbstractSampleConsumer: class org.apache.jmeter.report.processor.Top5ErrorsBySamplerConsumer#stopProducing(): top5ErrorsBySampler produced 0 samples
2026-09-02 15:26:47,775 INFO o.a.j.r.p.AbstractSampleConsumer: class org.apache.jmeter.report.processor.ErrorsSummaryConsumer#stopProducing(): errorsSummary produced 0 samples
2026-09-02 15:26:47,776 INFO o.a.j.r.p.AbstractSampleConsumer: class org.apache.jmeter.report.processor.graph.impl.HitsPerSecondGraphConsumer#stopProducing(): hitsPerSecond produced 0 samples
2026-09-02 15:26:47,789 INFO o.a.j.r.p.AbstractSampleConsumer: class org.apache.jmeter.report.processor.graph.impl.LatencyVSRequestGraphConsumer#stopProducing(): latencyVsRequest produced 0 samples
2026-09-02 15:26:47,790 INFO o.a.j.r.p.AbstractSampleConsumer: class org.apache.jmeter.report.processor.graph.impl.SyntheticResponseTimeDistributionGraphConsumer#stopProducing(): syntheticResponseTimeDistribution produced 0 samples
2026-09-02 15:26:47,791 INFO o.a.j.r.p.AbstractSampleConsumer: class org.apache.jmeter.report.processor.graph.impl.BytesThroughputGraphConsumer#stopProducing(): bytesThroughputOverTime produced 0 samples
2026-09-02 15:26:47,791 INFO o.a.j.r.p.AbstractSampleConsumer: class org.apache.jmeter.report.processor.graph.impl.CodesPerSecondGraphConsumer#stopProducing(): codesPerSecond produced 0 samples
2026-09-02 15:26:47,793 INFO o.a.j.r.p.AbstractSampleConsumer: class org.apache.jmeter.report.processor.graph.impl.ResponseTimeVSRequestGraphConsumer#stopProducing(): responseTimeVsRequest produced 0 samples
2026-09-02 15:26:47,794 INFO o.a.j.r.p.AbstractSampleConsumer: class org.apache.jmeter.report.processor.FilterConsumer#stopProducing(): startIntervalControlerFilter produced 14 samples
2026-09-02 15:26:47,794 INFO o.a.j.r.p.AbstractSampleConsumer: class org.apache.jmeter.report.processor.graph.impl.TotalTPSGraphConsumer#stopProducing(): totalTPS produced 0 samples
2026-09-02 15:26:47,794 INFO o.a.j.r.p.AbstractSampleConsumer: class org.apache.jmeter.report.processor.graph.impl.ActiveThreadsGraphConsumer#stopProducing(): activeThreadsOverTime produced 0 samples
2026-09-02 15:26:47,794 INFO o.a.j.r.p.AbstractSampleConsumer: class org.apache.jmeter.report.processor.graph.impl.TimeVSThreadGraphConsumer#stopProducing(): timeVsThreads produced 0 samples
2026-09-02 15:26:47,795 INFO o.a.j.r.p.AbstractSampleConsumer: class org.apache.jmeter.report.processor.graph.impl.ResponseTimeDistributionGraphConsumer#stopProducing(): responseTimeDistribution produced 0 samples
2026-09-02 15:26:47,795 INFO o.a.j.r.p.AbstractSampleConsumer: class org.apache.jmeter.report.processor.graph.impl.TransactionsPerSecondGraphConsumer#stopProducing(): transactionsPerSecond produced 0 samples
2026-09-02 15:26:47,795 INFO o.a.j.r.p.AbstractSampleConsumer: class org.apache.jmeter.report.processor.graph.impl.ResponseTimePercentilesGraphConsumer#stopProducing(): responseTimePercentiles produced 0 samples
2026-09-02 15:26:47,796 INFO o.a.j.r.p.AbstractSampleConsumer: class org.apache.jmeter.report.processor.graph.impl.ResponseTimePercentilesOverTimeGraphConsumer#stopProducing(): responseTimePercentilesOverTime produced 0 samples
2026-09-02 15:26:47,796 INFO o.a.j.r.p.AbstractSampleConsumer: class org.apache.jmeter.report.processor.graph.impl.ResponseTimeOverTimeGraphConsumer#stopProducing(): responseTimesOverTime produced 0 samples
2026-09-02 15:26:47,796 INFO o.a.j.r.p.AbstractSampleConsumer: class org.apache.jmeter.report.processor.graph.impl.ConnectTimeOverTimeGraphConsumer#stopProducing(): connectTimeOverTime produced 0 samples
2026-09-02 15:26:47,796 INFO o.a.j.r.p.AbstractSampleConsumer: class org.apache.jmeter.report.processor.graph.impl.LatencyOverTimeGraphConsumer#stopProducing(): latenciesOverTime produced 0 samples
2026-09-02 15:26:47,796 INFO o.a.j.r.p.AbstractSampleConsumer: class org.apache.jmeter.report.processor.FilterConsumer#stopProducing(): nameFilter produced 30 samples
2026-09-02 15:26:47,796 INFO o.a.j.r.p.AbstractSampleConsumer: class org.apache.jmeter.report.processor.FilterConsumer#stopProducing(): dateRangeFilter produced 6 samples
2026-09-02 15:26:47,797 INFO o.a.j.r.p.AbstractSampleConsumer: class org.apache.jmeter.report.processor.NormalizerSampleConsumer#stopProducing(): normalizer produced 2 samples
2026-09-02 15:26:47,797 INFO o.a.j.r.p.CsvFileSampleSource: produce(): 2 samples produced in 77ms on channel 0
2026-09-02 15:26:47,797 INFO o.a.j.r.d.ReportGenerator: Exporting data using exporter:'json' of className:'org.apache.jmeter.report.dashboard.JsonExporter'
2026-09-02 15:26:47,902 INFO o.a.j.r.d.JsonExporter: Found data for consumer statisticsSummary in context
2026-09-02 15:26:47,902 INFO o.a.j.r.d.JsonExporter: Creating statistics for overall
2026-09-02 15:26:47,903 INFO o.a.j.r.d.JsonExporter: Creating statistics for other transactions
2026-09-02 15:26:47,904 INFO o.a.j.r.d.JsonExporter: Checking output folder
2026-09-02 15:26:47,904 INFO o.a.j.r.d.JsonExporter: Writing statistics JSON to /root/flowguides/Jmeter/results/smoke-20260902-152643/report/statistics.json
2026-09-02 15:26:47,959 INFO o.a.j.r.d.ReportGenerator: Exporting data using exporter:'html' of className:'org.apache.jmeter.report.dashboard.HtmlTemplateExporter'
2026-09-02 15:26:47,962 INFO o.a.j.r.d.HtmlTemplateExporter: Will generate dashboard in folder: /root/flowguides/Jmeter/results/smoke-20260902-152643/report
2026-09-02 15:26:48,138 INFO o.a.j.r.d.HtmlTemplateExporter: Report will be generated in: /root/flowguides/Jmeter/results/smoke-20260902-152643/report, creating folder structure
2026-09-02 15:26:48,141 INFO o.a.j.r.d.TemplateVisitor: Copying folder from '/opt/apache-jmeter-5.6.3/bin/report-template' to '/root/flowguides/Jmeter/results/smoke-20260902-152643/report', got message: /root/flowguides/Jmeter/results/smoke-20260902-152643/report, found non empty folder with following content [/root/flowguides/Jmeter/results/smoke-20260902-152643/report/statistics.json], will be ignored
2026-09-02 15:26:48,514 INFO o.a.j.JMeter: Dashboard generated
